TimeQuest Timing Analyzer report for adder
Fri Feb 05 13:02:12 2016
Quartus II 64-Bit Version 13.1.0 Build 162 10/23/2013 SJ Web Edition


---------------------
; Table of Contents ;
---------------------
  1. Legal Notice
  2. TimeQuest Timing Analyzer Summary
  3. Parallel Compilation
  4. Clocks
  5. Slow 1200mV 85C Model Fmax Summary
  6. Timing Closure Recommendations
  7. Slow 1200mV 85C Model Setup Summary
  8. Slow 1200mV 85C Model Hold Summary
  9. Slow 1200mV 85C Model Recovery Summary
 10. Slow 1200mV 85C Model Removal Summary
 11. Slow 1200mV 85C Model Minimum Pulse Width Summary
 12. Propagation Delay
 13. Minimum Propagation Delay
 14. Slow 1200mV 85C Model Metastability Report
 15. Slow 1200mV 0C Model Fmax Summary
 16. Slow 1200mV 0C Model Setup Summary
 17. Slow 1200mV 0C Model Hold Summary
 18. Slow 1200mV 0C Model Recovery Summary
 19. Slow 1200mV 0C Model Removal Summary
 20. Slow 1200mV 0C Model Minimum Pulse Width Summary
 21. Propagation Delay
 22. Minimum Propagation Delay
 23. Slow 1200mV 0C Model Metastability Report
 24. Fast 1200mV 0C Model Setup Summary
 25. Fast 1200mV 0C Model Hold Summary
 26. Fast 1200mV 0C Model Recovery Summary
 27. Fast 1200mV 0C Model Removal Summary
 28. Fast 1200mV 0C Model Minimum Pulse Width Summary
 29. Propagation Delay
 30. Minimum Propagation Delay
 31. Fast 1200mV 0C Model Metastability Report
 32. Multicorner Timing Analysis Summary
 33. Propagation Delay
 34. Minimum Propagation Delay
 35. Board Trace Model Assignments
 36. Input Transition Times
 37. Slow Corner Signal Integrity Metrics
 38. Fast Corner Signal Integrity Metrics
 39. Clock Transfers
 40. Report TCCS
 41. Report RSKM
 42. Unconstrained Paths
 43. TimeQuest Timing Analyzer Messages



----------------
; Legal Notice ;
----------------
Copyright (C) 1991-2013 Altera Corporation
Your use of Altera Corporation's design tools, logic functions 
and other software and tools, and its AMPP partner logic 
functions, and any output files from any of the foregoing 
(including device programming or simulation files), and any 
associated documentation or information are expressly subject 
to the terms and conditions of the Altera Program License 
Subscription Agreement, Altera MegaCore Function License 
Agreement, or other applicable license agreement, including, 
without limitation, that your use is for the sole purpose of 
programming logic devices manufactured by Altera and sold by 
Altera or its authorized distributors.  Please refer to the 
applicable agreement for further details.



+-------------------------------------------------------------------------+
; TimeQuest Timing Analyzer Summary                                       ;
+--------------------+----------------------------------------------------+
; Quartus II Version ; Version 13.1.0 Build 162 10/23/2013 SJ Web Edition ;
; Revision Name      ; adder                                              ;
; Device Family      ; Cyclone III                                        ;
; Device Name        ; EP3C16F484C6                                       ;
; Timing Models      ; Final                                              ;
; Delay Model        ; Combined                                           ;
; Rise/Fall Delays   ; Enabled                                            ;
+--------------------+----------------------------------------------------+


Parallel compilation was disabled, but you have multiple processors available. Enable parallel compilation to reduce compilation time.
+-------------------------------------+
; Parallel Compilation                ;
+----------------------------+--------+
; Processors                 ; Number ;
+----------------------------+--------+
; Number detected on machine ; 8      ;
; Maximum allowed            ; 1      ;
+----------------------------+--------+


----------
; Clocks ;
----------
No clocks to report.


--------------------------------------
; Slow 1200mV 85C Model Fmax Summary ;
--------------------------------------
No paths to report.


----------------------------------
; Timing Closure Recommendations ;
----------------------------------
HTML report is unavailable in plain text report export.


---------------------------------------
; Slow 1200mV 85C Model Setup Summary ;
---------------------------------------
No paths to report.


--------------------------------------
; Slow 1200mV 85C Model Hold Summary ;
--------------------------------------
No paths to report.


------------------------------------------
; Slow 1200mV 85C Model Recovery Summary ;
------------------------------------------
No paths to report.


-----------------------------------------
; Slow 1200mV 85C Model Removal Summary ;
-----------------------------------------
No paths to report.


-----------------------------------------------------
; Slow 1200mV 85C Model Minimum Pulse Width Summary ;
-----------------------------------------------------
No paths to report.


+--------------------------------------------------------------+
; Propagation Delay                                            ;
+------------+-------------+--------+--------+--------+--------+
; Input Port ; Output Port ; RR     ; RF     ; FR     ; FF     ;
+------------+-------------+--------+--------+--------+--------+
; cin        ; cout        ; 8.970  ;        ;        ; 9.504  ;
; cin        ; s[0]        ; 8.165  ; 8.257  ; 8.624  ; 8.748  ;
; cin        ; s[1]        ; 7.600  ; 7.596  ; 8.093  ; 8.089  ;
; cin        ; s[2]        ; 8.658  ; 8.681  ; 9.207  ; 9.173  ;
; cin        ; s[3]        ; 8.000  ; 7.985  ; 8.610  ; 8.551  ;
; cin        ; s[4]        ; 8.604  ; 8.584  ; 9.103  ; 9.117  ;
; cin        ; s[5]        ; 8.683  ; 8.665  ; 9.227  ; 9.200  ;
; cin        ; s[6]        ; 8.965  ; 8.974  ; 9.518  ; 9.518  ;
; cin        ; s[7]        ; 10.453 ; 10.543 ; 11.011 ; 11.092 ;
; x[0]       ; cout        ; 9.019  ;        ;        ; 9.589  ;
; x[0]       ; s[0]        ; 7.359  ; 7.453  ; 7.774  ; 7.859  ;
; x[0]       ; s[1]        ; 7.027  ; 7.029  ; 7.507  ; 7.503  ;
; x[0]       ; s[2]        ; 8.410  ; 8.433  ; 8.895  ; 8.861  ;
; x[0]       ; s[3]        ; 7.752  ; 7.737  ; 8.298  ; 8.239  ;
; x[0]       ; s[4]        ; 8.399  ; 8.384  ; 8.928  ; 8.904  ;
; x[0]       ; s[5]        ; 8.478  ; 8.460  ; 9.014  ; 8.987  ;
; x[0]       ; s[6]        ; 9.014  ; 9.023  ; 9.603  ; 9.603  ;
; x[0]       ; s[7]        ; 10.502 ; 10.592 ; 11.096 ; 11.177 ;
; x[1]       ; cout        ; 8.966  ;        ;        ; 9.528  ;
; x[1]       ; s[1]        ; 6.973  ; 6.969  ; 7.431  ; 7.431  ;
; x[1]       ; s[2]        ; 8.347  ; 8.370  ; 8.871  ; 8.837  ;
; x[1]       ; s[3]        ; 7.689  ; 7.674  ; 8.274  ; 8.215  ;
; x[1]       ; s[4]        ; 8.346  ; 8.331  ; 8.867  ; 8.843  ;
; x[1]       ; s[5]        ; 8.425  ; 8.407  ; 8.953  ; 8.926  ;
; x[1]       ; s[6]        ; 8.961  ; 8.970  ; 9.542  ; 9.542  ;
; x[1]       ; s[7]        ; 10.449 ; 10.539 ; 11.035 ; 11.116 ;
; x[2]       ; cout        ; 9.583  ;        ;        ; 10.136 ;
; x[2]       ; s[2]        ; 7.961  ; 7.949  ; 8.412  ; 8.391  ;
; x[2]       ; s[3]        ; 7.317  ; 7.302  ; 7.805  ; 7.746  ;
; x[2]       ; s[4]        ; 8.989  ; 8.969  ; 9.481  ; 9.495  ;
; x[2]       ; s[5]        ; 9.068  ; 9.050  ; 9.605  ; 9.578  ;
; x[2]       ; s[6]        ; 9.578  ; 9.587  ; 10.150 ; 10.150 ;
; x[2]       ; s[7]        ; 11.066 ; 11.156 ; 11.643 ; 11.724 ;
; x[3]       ; cout        ; 8.921  ;        ;        ; 9.484  ;
; x[3]       ; s[3]        ; 6.108  ; 6.096  ; 6.549  ; 6.480  ;
; x[3]       ; s[4]        ; 8.327  ; 8.307  ; 8.829  ; 8.843  ;
; x[3]       ; s[5]        ; 8.406  ; 8.388  ; 8.953  ; 8.926  ;
; x[3]       ; s[6]        ; 8.916  ; 8.925  ; 9.498  ; 9.498  ;
; x[3]       ; s[7]        ; 10.404 ; 10.494 ; 10.991 ; 11.072 ;
; x[4]       ; cout        ; 7.633  ;        ;        ; 8.125  ;
; x[4]       ; s[4]        ; 6.730  ; 6.747  ; 7.178  ; 7.151  ;
; x[4]       ; s[5]        ; 6.796  ; 6.778  ; 7.278  ; 7.251  ;
; x[4]       ; s[6]        ; 7.628  ; 7.637  ; 8.139  ; 8.139  ;
; x[4]       ; s[7]        ; 9.116  ; 9.206  ; 9.632  ; 9.713  ;
; x[5]       ; cout        ; 7.082  ;        ;        ; 7.556  ;
; x[5]       ; s[5]        ; 6.190  ; 6.196  ; 6.624  ; 6.627  ;
; x[5]       ; s[6]        ; 7.077  ; 7.086  ; 7.570  ; 7.570  ;
; x[5]       ; s[7]        ; 8.565  ; 8.655  ; 9.063  ; 9.144  ;
; x[6]       ; cout        ; 6.581  ;        ;        ; 6.997  ;
; x[6]       ; s[6]        ; 6.578  ; 6.585  ; 6.971  ; 7.010  ;
; x[6]       ; s[7]        ; 8.065  ; 8.155  ; 8.503  ; 8.584  ;
; x[7]       ; cout        ; 6.436  ;        ;        ; 6.850  ;
; x[7]       ; s[7]        ; 7.928  ; 8.046  ; 8.359  ; 8.463  ;
; y[0]       ; cout        ; 8.758  ;        ;        ; 9.310  ;
; y[0]       ; s[0]        ; 7.351  ; 7.473  ; 7.787  ; 7.895  ;
; y[0]       ; s[1]        ; 6.769  ; 6.769  ; 7.241  ; 7.237  ;
; y[0]       ; s[2]        ; 8.151  ; 8.174  ; 8.630  ; 8.596  ;
; y[0]       ; s[3]        ; 7.493  ; 7.478  ; 8.033  ; 7.974  ;
; y[0]       ; s[4]        ; 8.138  ; 8.123  ; 8.649  ; 8.625  ;
; y[0]       ; s[5]        ; 8.217  ; 8.199  ; 8.735  ; 8.708  ;
; y[0]       ; s[6]        ; 8.753  ; 8.762  ; 9.324  ; 9.324  ;
; y[0]       ; s[7]        ; 10.241 ; 10.331 ; 10.817 ; 10.898 ;
; y[1]       ; cout        ; 8.943  ;        ;        ; 9.472  ;
; y[1]       ; s[1]        ; 6.626  ; 6.629  ; 7.016  ; 7.051  ;
; y[1]       ; s[2]        ; 8.314  ; 8.337  ; 8.801  ; 8.767  ;
; y[1]       ; s[3]        ; 7.656  ; 7.641  ; 8.204  ; 8.145  ;
; y[1]       ; s[4]        ; 8.323  ; 8.308  ; 8.811  ; 8.787  ;
; y[1]       ; s[5]        ; 8.402  ; 8.384  ; 8.897  ; 8.870  ;
; y[1]       ; s[6]        ; 8.938  ; 8.947  ; 9.486  ; 9.486  ;
; y[1]       ; s[7]        ; 10.426 ; 10.516 ; 10.979 ; 11.060 ;
; y[2]       ; cout        ; 9.222  ;        ;        ; 9.823  ;
; y[2]       ; s[2]        ; 7.612  ; 7.632  ; 8.080  ; 8.056  ;
; y[2]       ; s[3]        ; 6.953  ; 6.938  ; 7.492  ; 7.433  ;
; y[2]       ; s[4]        ; 8.628  ; 8.608  ; 9.168  ; 9.182  ;
; y[2]       ; s[5]        ; 8.707  ; 8.689  ; 9.292  ; 9.265  ;
; y[2]       ; s[6]        ; 9.217  ; 9.226  ; 9.837  ; 9.837  ;
; y[2]       ; s[7]        ; 10.705 ; 10.795 ; 11.330 ; 11.411 ;
; y[3]       ; cout        ; 9.325  ;        ;        ; 9.869  ;
; y[3]       ; s[3]        ; 6.498  ; 6.449  ; 6.901  ; 6.884  ;
; y[3]       ; s[4]        ; 8.731  ; 8.711  ; 9.214  ; 9.228  ;
; y[3]       ; s[5]        ; 8.810  ; 8.792  ; 9.338  ; 9.311  ;
; y[3]       ; s[6]        ; 9.320  ; 9.329  ; 9.883  ; 9.883  ;
; y[3]       ; s[7]        ; 10.808 ; 10.898 ; 11.376 ; 11.457 ;
; y[4]       ; cout        ; 7.656  ;        ;        ; 8.158  ;
; y[4]       ; s[4]        ; 6.760  ; 6.780  ; 7.228  ; 7.191  ;
; y[4]       ; s[5]        ; 6.829  ; 6.811  ; 7.320  ; 7.293  ;
; y[4]       ; s[6]        ; 7.651  ; 7.660  ; 8.172  ; 8.172  ;
; y[4]       ; s[7]        ; 9.139  ; 9.229  ; 9.665  ; 9.746  ;
; y[5]       ; cout        ; 7.448  ;        ;        ; 7.938  ;
; y[5]       ; s[5]        ; 6.306  ; 6.286  ; 6.695  ; 6.707  ;
; y[5]       ; s[6]        ; 7.443  ; 7.452  ; 7.952  ; 7.952  ;
; y[5]       ; s[7]        ; 8.931  ; 9.021  ; 9.445  ; 9.526  ;
; y[6]       ; cout        ; 6.724  ;        ;        ; 7.173  ;
; y[6]       ; s[6]        ; 6.735  ; 6.776  ; 7.172  ; 7.169  ;
; y[6]       ; s[7]        ; 8.209  ; 8.299  ; 8.680  ; 8.761  ;
; y[7]       ; cout        ; 7.076  ;        ;        ; 7.594  ;
; y[7]       ; s[7]        ; 8.562  ; 8.650  ; 9.064  ; 9.184  ;
+------------+-------------+--------+--------+--------+--------+


+--------------------------------------------------------------+
; Minimum Propagation Delay                                    ;
+------------+-------------+--------+--------+--------+--------+
; Input Port ; Output Port ; RR     ; RF     ; FR     ; FF     ;
+------------+-------------+--------+--------+--------+--------+
; cin        ; cout        ; 8.722  ;        ;        ; 9.238  ;
; cin        ; s[0]        ; 7.997  ; 8.089  ; 8.444  ; 8.567  ;
; cin        ; s[1]        ; 7.398  ; 7.402  ; 7.845  ; 7.849  ;
; cin        ; s[2]        ; 8.356  ; 8.369  ; 8.873  ; 8.878  ;
; cin        ; s[3]        ; 7.687  ; 7.661  ; 8.233  ; 8.181  ;
; cin        ; s[4]        ; 8.369  ; 8.349  ; 8.853  ; 8.865  ;
; cin        ; s[5]        ; 8.449  ; 8.431  ; 8.976  ; 8.949  ;
; cin        ; s[6]        ; 8.718  ; 8.726  ; 9.253  ; 9.252  ;
; cin        ; s[7]        ; 10.194 ; 10.284 ; 10.734 ; 10.815 ;
; x[0]       ; cout        ; 8.450  ;        ;        ; 8.904  ;
; x[0]       ; s[0]        ; 7.225  ; 7.319  ; 7.628  ; 7.713  ;
; x[0]       ; s[1]        ; 6.839  ; 6.834  ; 7.240  ; 7.244  ;
; x[0]       ; s[2]        ; 7.695  ; 7.679  ; 8.153  ; 8.168  ;
; x[0]       ; s[3]        ; 7.015  ; 6.989  ; 7.549  ; 7.497  ;
; x[0]       ; s[4]        ; 8.097  ; 8.077  ; 8.519  ; 8.531  ;
; x[0]       ; s[5]        ; 8.177  ; 8.159  ; 8.642  ; 8.615  ;
; x[0]       ; s[6]        ; 8.446  ; 8.454  ; 8.919  ; 8.918  ;
; x[0]       ; s[7]        ; 9.922  ; 10.012 ; 10.400 ; 10.481 ;
; x[1]       ; cout        ; 8.421  ;        ;        ; 8.916  ;
; x[1]       ; s[1]        ; 6.789  ; 6.793  ; 7.245  ; 7.244  ;
; x[1]       ; s[2]        ; 7.677  ; 7.661  ; 8.129  ; 8.144  ;
; x[1]       ; s[3]        ; 6.997  ; 6.971  ; 7.525  ; 7.473  ;
; x[1]       ; s[4]        ; 8.068  ; 8.048  ; 8.531  ; 8.543  ;
; x[1]       ; s[5]        ; 8.148  ; 8.130  ; 8.654  ; 8.627  ;
; x[1]       ; s[6]        ; 8.417  ; 8.425  ; 8.931  ; 8.930  ;
; x[1]       ; s[7]        ; 9.893  ; 9.983  ; 10.412 ; 10.493 ;
; x[2]       ; cout        ; 9.024  ;        ;        ; 9.511  ;
; x[2]       ; s[2]        ; 7.749  ; 7.735  ; 8.187  ; 8.164  ;
; x[2]       ; s[3]        ; 7.071  ; 7.045  ; 7.540  ; 7.488  ;
; x[2]       ; s[4]        ; 8.476  ; 8.460  ; 8.932  ; 8.907  ;
; x[2]       ; s[5]        ; 8.557  ; 8.539  ; 9.018  ; 8.991  ;
; x[2]       ; s[6]        ; 9.020  ; 9.028  ; 9.526  ; 9.525  ;
; x[2]       ; s[7]        ; 10.496 ; 10.586 ; 11.007 ; 11.088 ;
; x[3]       ; cout        ; 8.342  ;        ;        ; 8.810  ;
; x[3]       ; s[3]        ; 5.915  ; 5.891  ; 6.325  ; 6.273  ;
; x[3]       ; s[4]        ; 7.794  ; 7.778  ; 8.231  ; 8.206  ;
; x[3]       ; s[5]        ; 7.875  ; 7.857  ; 8.317  ; 8.290  ;
; x[3]       ; s[6]        ; 8.338  ; 8.346  ; 8.825  ; 8.824  ;
; x[3]       ; s[7]        ; 9.814  ; 9.904  ; 10.306 ; 10.387 ;
; x[4]       ; cout        ; 7.097  ;        ;        ; 7.560  ;
; x[4]       ; s[4]        ; 6.507  ; 6.513  ; 6.938  ; 6.937  ;
; x[4]       ; s[5]        ; 6.602  ; 6.584  ; 7.023  ; 6.996  ;
; x[4]       ; s[6]        ; 7.082  ; 7.116  ; 7.573  ; 7.596  ;
; x[4]       ; s[7]        ; 8.568  ; 8.658  ; 9.055  ; 9.136  ;
; x[5]       ; cout        ; 6.619  ;        ;        ; 7.024  ;
; x[5]       ; s[5]        ; 5.994  ; 6.003  ; 6.426  ; 6.398  ;
; x[5]       ; s[6]        ; 6.604  ; 6.638  ; 7.037  ; 7.060  ;
; x[5]       ; s[7]        ; 8.090  ; 8.180  ; 8.519  ; 8.600  ;
; x[6]       ; cout        ; 6.428  ;        ;        ; 6.833  ;
; x[6]       ; s[6]        ; 6.425  ; 6.431  ; 6.809  ; 6.846  ;
; x[6]       ; s[7]        ; 7.901  ; 7.991  ; 8.328  ; 8.409  ;
; x[7]       ; cout        ; 6.244  ;        ;        ; 6.640  ;
; x[7]       ; s[7]        ; 7.715  ; 7.830  ; 8.131  ; 8.211  ;
; y[0]       ; cout        ; 8.200  ;        ;        ; 8.651  ;
; y[0]       ; s[0]        ; 7.159  ; 7.278  ; 7.580  ; 7.664  ;
; y[0]       ; s[1]        ; 6.594  ; 6.589  ; 6.981  ; 6.985  ;
; y[0]       ; s[2]        ; 7.444  ; 7.428  ; 7.893  ; 7.908  ;
; y[0]       ; s[3]        ; 6.764  ; 6.738  ; 7.289  ; 7.237  ;
; y[0]       ; s[4]        ; 7.847  ; 7.827  ; 8.266  ; 8.278  ;
; y[0]       ; s[5]        ; 7.927  ; 7.909  ; 8.389  ; 8.362  ;
; y[0]       ; s[6]        ; 8.196  ; 8.204  ; 8.666  ; 8.665  ;
; y[0]       ; s[7]        ; 9.672  ; 9.762  ; 10.147 ; 10.228 ;
; y[1]       ; cout        ; 8.394  ;        ;        ; 8.851  ;
; y[1]       ; s[1]        ; 6.474  ; 6.477  ; 6.853  ; 6.886  ;
; y[1]       ; s[2]        ; 7.658  ; 7.642  ; 8.077  ; 8.092  ;
; y[1]       ; s[3]        ; 6.978  ; 6.952  ; 7.473  ; 7.421  ;
; y[1]       ; s[4]        ; 8.041  ; 8.021  ; 8.466  ; 8.478  ;
; y[1]       ; s[5]        ; 8.121  ; 8.103  ; 8.589  ; 8.562  ;
; y[1]       ; s[6]        ; 8.390  ; 8.398  ; 8.866  ; 8.865  ;
; y[1]       ; s[7]        ; 9.866  ; 9.956  ; 10.347 ; 10.428 ;
; y[2]       ; cout        ; 8.630  ;        ;        ; 9.135  ;
; y[2]       ; s[2]        ; 7.351  ; 7.365  ; 7.802  ; 7.778  ;
; y[2]       ; s[3]        ; 6.685  ; 6.659  ; 7.164  ; 7.112  ;
; y[2]       ; s[4]        ; 8.082  ; 8.066  ; 8.556  ; 8.531  ;
; y[2]       ; s[5]        ; 8.163  ; 8.145  ; 8.642  ; 8.615  ;
; y[2]       ; s[6]        ; 8.626  ; 8.634  ; 9.150  ; 9.149  ;
; y[2]       ; s[7]        ; 10.102 ; 10.192 ; 10.631 ; 10.712 ;
; y[3]       ; cout        ; 8.779  ;        ;        ; 9.263  ;
; y[3]       ; s[3]        ; 6.347  ; 6.298  ; 6.740  ; 6.722  ;
; y[3]       ; s[4]        ; 8.231  ; 8.215  ; 8.684  ; 8.659  ;
; y[3]       ; s[5]        ; 8.312  ; 8.294  ; 8.770  ; 8.743  ;
; y[3]       ; s[6]        ; 8.775  ; 8.783  ; 9.278  ; 9.277  ;
; y[3]       ; s[7]        ; 10.251 ; 10.341 ; 10.759 ; 10.840 ;
; y[4]       ; cout        ; 7.127  ;        ;        ; 7.595  ;
; y[4]       ; s[4]        ; 6.540  ; 6.549  ; 6.979  ; 6.976  ;
; y[4]       ; s[5]        ; 6.632  ; 6.614  ; 7.063  ; 7.036  ;
; y[4]       ; s[6]        ; 7.112  ; 7.146  ; 7.608  ; 7.631  ;
; y[4]       ; s[7]        ; 8.598  ; 8.688  ; 9.090  ; 9.171  ;
; y[5]       ; cout        ; 6.971  ;        ;        ; 7.389  ;
; y[5]       ; s[5]        ; 6.165  ; 6.145  ; 6.545  ; 6.556  ;
; y[5]       ; s[6]        ; 6.956  ; 6.990  ; 7.402  ; 7.425  ;
; y[5]       ; s[7]        ; 8.442  ; 8.532  ; 8.884  ; 8.965  ;
; y[6]       ; cout        ; 6.518  ;        ;        ; 6.926  ;
; y[6]       ; s[6]        ; 6.516  ; 6.551  ; 6.936  ; 6.934  ;
; y[6]       ; s[7]        ; 7.991  ; 8.081  ; 8.422  ; 8.503  ;
; y[7]       ; cout        ; 6.898  ;        ;        ; 7.403  ;
; y[7]       ; s[7]        ; 8.373  ; 8.461  ; 8.864  ; 8.983  ;
+------------+-------------+--------+--------+--------+--------+


----------------------------------------------
; Slow 1200mV 85C Model Metastability Report ;
----------------------------------------------
No synchronizer chains to report.


-------------------------------------
; Slow 1200mV 0C Model Fmax Summary ;
-------------------------------------
No paths to report.


--------------------------------------
; Slow 1200mV 0C Model Setup Summary ;
--------------------------------------
No paths to report.


-------------------------------------
; Slow 1200mV 0C Model Hold Summary ;
-------------------------------------
No paths to report.


-----------------------------------------
; Slow 1200mV 0C Model Recovery Summary ;
-----------------------------------------
No paths to report.


----------------------------------------
; Slow 1200mV 0C Model Removal Summary ;
----------------------------------------
No paths to report.


----------------------------------------------------
; Slow 1200mV 0C Model Minimum Pulse Width Summary ;
----------------------------------------------------
No paths to report.


+--------------------------------------------------------------+
; Propagation Delay                                            ;
+------------+-------------+--------+--------+--------+--------+
; Input Port ; Output Port ; RR     ; RF     ; FR     ; FF     ;
+------------+-------------+--------+--------+--------+--------+
; cin        ; cout        ; 8.328  ;        ;        ; 8.696  ;
; cin        ; s[0]        ; 7.675  ; 7.755  ; 8.045  ; 8.154  ;
; cin        ; s[1]        ; 7.049  ; 7.033  ; 7.449  ; 7.427  ;
; cin        ; s[2]        ; 8.019  ; 7.981  ; 8.460  ; 8.375  ;
; cin        ; s[3]        ; 7.399  ; 7.368  ; 7.888  ; 7.821  ;
; cin        ; s[4]        ; 7.985  ; 7.939  ; 8.353  ; 8.337  ;
; cin        ; s[5]        ; 8.066  ; 8.035  ; 8.466  ; 8.427  ;
; cin        ; s[6]        ; 8.326  ; 8.310  ; 8.731  ; 8.707  ;
; cin        ; s[7]        ; 9.787  ; 9.856  ; 10.190 ; 10.251 ;
; x[0]       ; cout        ; 8.348  ;        ;        ; 8.781  ;
; x[0]       ; s[0]        ; 6.938  ; 7.020  ; 7.296  ; 7.370  ;
; x[0]       ; s[1]        ; 6.523  ; 6.509  ; 6.934  ; 6.912  ;
; x[0]       ; s[2]        ; 7.786  ; 7.748  ; 8.186  ; 8.101  ;
; x[0]       ; s[3]        ; 7.166  ; 7.135  ; 7.614  ; 7.547  ;
; x[0]       ; s[4]        ; 7.779  ; 7.737  ; 8.208  ; 8.158  ;
; x[0]       ; s[5]        ; 7.860  ; 7.829  ; 8.287  ; 8.248  ;
; x[0]       ; s[6]        ; 8.346  ; 8.330  ; 8.816  ; 8.792  ;
; x[0]       ; s[7]        ; 9.807  ; 9.876  ; 10.275 ; 10.336 ;
; x[1]       ; cout        ; 8.307  ;        ;        ; 8.705  ;
; x[1]       ; s[1]        ; 6.474  ; 6.456  ; 6.849  ; 6.835  ;
; x[1]       ; s[2]        ; 7.735  ; 7.697  ; 8.145  ; 8.060  ;
; x[1]       ; s[3]        ; 7.115  ; 7.084  ; 7.573  ; 7.506  ;
; x[1]       ; s[4]        ; 7.738  ; 7.696  ; 8.132  ; 8.082  ;
; x[1]       ; s[5]        ; 7.819  ; 7.788  ; 8.211  ; 8.172  ;
; x[1]       ; s[6]        ; 8.305  ; 8.289  ; 8.740  ; 8.716  ;
; x[1]       ; s[7]        ; 9.766  ; 9.835  ; 10.199 ; 10.260 ;
; x[2]       ; cout        ; 8.878  ;        ;        ; 9.262  ;
; x[2]       ; s[2]        ; 7.394  ; 7.325  ; 7.761  ; 7.684  ;
; x[2]       ; s[3]        ; 6.790  ; 6.759  ; 7.177  ; 7.110  ;
; x[2]       ; s[4]        ; 8.336  ; 8.290  ; 8.693  ; 8.677  ;
; x[2]       ; s[5]        ; 8.417  ; 8.386  ; 8.806  ; 8.767  ;
; x[2]       ; s[6]        ; 8.876  ; 8.860  ; 9.297  ; 9.273  ;
; x[2]       ; s[7]        ; 10.337 ; 10.406 ; 10.756 ; 10.817 ;
; x[3]       ; cout        ; 8.251  ;        ;        ; 8.668  ;
; x[3]       ; s[3]        ; 5.672  ; 5.645  ; 6.046  ; 5.972  ;
; x[3]       ; s[4]        ; 7.709  ; 7.663  ; 8.099  ; 8.083  ;
; x[3]       ; s[5]        ; 7.790  ; 7.759  ; 8.212  ; 8.173  ;
; x[3]       ; s[6]        ; 8.249  ; 8.233  ; 8.703  ; 8.679  ;
; x[3]       ; s[7]        ; 9.710  ; 9.779  ; 10.162 ; 10.223 ;
; x[4]       ; cout        ; 7.063  ;        ;        ; 7.435  ;
; x[4]       ; s[4]        ; 6.234  ; 6.219  ; 6.605  ; 6.554  ;
; x[4]       ; s[5]        ; 6.304  ; 6.273  ; 6.699  ; 6.660  ;
; x[4]       ; s[6]        ; 7.061  ; 7.045  ; 7.470  ; 7.446  ;
; x[4]       ; s[7]        ; 8.522  ; 8.591  ; 8.929  ; 8.990  ;
; x[5]       ; cout        ; 6.573  ;        ;        ; 6.945  ;
; x[5]       ; s[5]        ; 5.756  ; 5.747  ; 6.131  ; 6.118  ;
; x[5]       ; s[6]        ; 6.571  ; 6.555  ; 6.980  ; 6.956  ;
; x[5]       ; s[7]        ; 8.032  ; 8.101  ; 8.439  ; 8.500  ;
; x[6]       ; cout        ; 6.117  ;        ;        ; 6.461  ;
; x[6]       ; s[6]        ; 6.117  ; 6.099  ; 6.460  ; 6.471  ;
; x[6]       ; s[7]        ; 7.577  ; 7.646  ; 7.954  ; 8.015  ;
; x[7]       ; cout        ; 5.982  ;        ;        ; 6.329  ;
; x[7]       ; s[7]        ; 7.449  ; 7.544  ; 7.826  ; 7.907  ;
; y[0]       ; cout        ; 8.096  ;        ;        ; 8.518  ;
; y[0]       ; s[0]        ; 6.910  ; 7.018  ; 7.291  ; 7.385  ;
; y[0]       ; s[1]        ; 6.272  ; 6.258  ; 6.684  ; 6.662  ;
; y[0]       ; s[2]        ; 7.537  ; 7.499  ; 7.941  ; 7.856  ;
; y[0]       ; s[3]        ; 6.917  ; 6.886  ; 7.369  ; 7.302  ;
; y[0]       ; s[4]        ; 7.527  ; 7.485  ; 7.945  ; 7.895  ;
; y[0]       ; s[5]        ; 7.608  ; 7.577  ; 8.024  ; 7.985  ;
; y[0]       ; s[6]        ; 8.094  ; 8.078  ; 8.553  ; 8.529  ;
; y[0]       ; s[7]        ; 9.555  ; 9.624  ; 10.012 ; 10.073 ;
; y[1]       ; cout        ; 8.274  ;        ;        ; 8.665  ;
; y[1]       ; s[1]        ; 6.152  ; 6.136  ; 6.483  ; 6.497  ;
; y[1]       ; s[2]        ; 7.692  ; 7.654  ; 8.092  ; 8.007  ;
; y[1]       ; s[3]        ; 7.072  ; 7.041  ; 7.520  ; 7.453  ;
; y[1]       ; s[4]        ; 7.705  ; 7.663  ; 8.092  ; 8.042  ;
; y[1]       ; s[5]        ; 7.786  ; 7.755  ; 8.171  ; 8.132  ;
; y[1]       ; s[6]        ; 8.272  ; 8.256  ; 8.700  ; 8.676  ;
; y[1]       ; s[7]        ; 9.733  ; 9.802  ; 10.159 ; 10.220 ;
; y[2]       ; cout        ; 8.531  ;        ;        ; 8.973  ;
; y[2]       ; s[2]        ; 7.058  ; 7.016  ; 7.452  ; 7.374  ;
; y[2]       ; s[3]        ; 6.440  ; 6.409  ; 6.887  ; 6.820  ;
; y[2]       ; s[4]        ; 7.989  ; 7.943  ; 8.404  ; 8.388  ;
; y[2]       ; s[5]        ; 8.070  ; 8.039  ; 8.517  ; 8.478  ;
; y[2]       ; s[6]        ; 8.529  ; 8.513  ; 9.008  ; 8.984  ;
; y[2]       ; s[7]        ; 9.990  ; 10.059 ; 10.467 ; 10.528 ;
; y[3]       ; cout        ; 8.634  ;        ;        ; 9.015  ;
; y[3]       ; s[3]        ; 6.038  ; 5.978  ; 6.365  ; 6.334  ;
; y[3]       ; s[4]        ; 8.092  ; 8.046  ; 8.446  ; 8.430  ;
; y[3]       ; s[5]        ; 8.173  ; 8.142  ; 8.559  ; 8.520  ;
; y[3]       ; s[6]        ; 8.632  ; 8.616  ; 9.050  ; 9.026  ;
; y[3]       ; s[7]        ; 10.093 ; 10.162 ; 10.509 ; 10.570 ;
; y[4]       ; cout        ; 7.092  ;        ;        ; 7.473  ;
; y[4]       ; s[4]        ; 6.273  ; 6.262  ; 6.657  ; 6.599  ;
; y[4]       ; s[5]        ; 6.342  ; 6.311  ; 6.744  ; 6.705  ;
; y[4]       ; s[6]        ; 7.090  ; 7.074  ; 7.508  ; 7.484  ;
; y[4]       ; s[7]        ; 8.551  ; 8.620  ; 8.967  ; 9.028  ;
; y[5]       ; cout        ; 6.904  ;        ;        ; 7.282  ;
; y[5]       ; s[5]        ; 5.866  ; 5.833  ; 6.194  ; 6.190  ;
; y[5]       ; s[6]        ; 6.902  ; 6.886  ; 7.317  ; 7.293  ;
; y[5]       ; s[7]        ; 8.363  ; 8.432  ; 8.776  ; 8.837  ;
; y[6]       ; cout        ; 6.249  ;        ;        ; 6.604  ;
; y[6]       ; s[6]        ; 6.259  ; 6.270  ; 6.624  ; 6.599  ;
; y[6]       ; s[7]        ; 7.709  ; 7.778  ; 8.097  ; 8.158  ;
; y[7]       ; cout        ; 6.576  ;        ;        ; 6.977  ;
; y[7]       ; s[7]        ; 8.038  ; 8.105  ; 8.439  ; 8.535  ;
+------------+-------------+--------+--------+--------+--------+


+------------------------------------------------------------+
; Minimum Propagation Delay                                  ;
+------------+-------------+-------+-------+--------+--------+
; Input Port ; Output Port ; RR    ; RF    ; FR     ; FF     ;
+------------+-------------+-------+-------+--------+--------+
; cin        ; cout        ; 8.107 ;       ;        ; 8.469  ;
; cin        ; s[0]        ; 7.529 ; 7.609 ; 7.890  ; 7.998  ;
; cin        ; s[1]        ; 6.880 ; 6.861 ; 7.241  ; 7.226  ;
; cin        ; s[2]        ; 7.751 ; 7.709 ; 8.166  ; 8.115  ;
; cin        ; s[3]        ; 7.125 ; 7.091 ; 7.559  ; 7.497  ;
; cin        ; s[4]        ; 7.780 ; 7.733 ; 8.138  ; 8.120  ;
; cin        ; s[5]        ; 7.861 ; 7.830 ; 8.249  ; 8.212  ;
; cin        ; s[6]        ; 8.106 ; 8.090 ; 8.501  ; 8.479  ;
; cin        ; s[7]        ; 9.557 ; 9.627 ; 9.950  ; 10.014 ;
; x[0]       ; cout        ; 7.851 ;       ;        ; 8.176  ;
; x[0]       ; s[0]        ; 6.824 ; 6.906 ; 7.171  ; 7.247  ;
; x[0]       ; s[1]        ; 6.357 ; 6.336 ; 6.706  ; 6.691  ;
; x[0]       ; s[2]        ; 7.142 ; 7.071 ; 7.536  ; 7.493  ;
; x[0]       ; s[3]        ; 6.505 ; 6.471 ; 6.958  ; 6.896  ;
; x[0]       ; s[4]        ; 7.524 ; 7.477 ; 7.845  ; 7.827  ;
; x[0]       ; s[5]        ; 7.605 ; 7.574 ; 7.956  ; 7.919  ;
; x[0]       ; s[6]        ; 7.850 ; 7.834 ; 8.208  ; 8.186  ;
; x[0]       ; s[7]        ; 9.301 ; 9.371 ; 9.657  ; 9.721  ;
; x[1]       ; cout        ; 7.831 ;       ;        ; 8.169  ;
; x[1]       ; s[1]        ; 6.322 ; 6.305 ; 6.690  ; 6.669  ;
; x[1]       ; s[2]        ; 7.130 ; 7.059 ; 7.497  ; 7.454  ;
; x[1]       ; s[3]        ; 6.493 ; 6.459 ; 6.919  ; 6.857  ;
; x[1]       ; s[4]        ; 7.504 ; 7.457 ; 7.838  ; 7.820  ;
; x[1]       ; s[5]        ; 7.585 ; 7.554 ; 7.949  ; 7.912  ;
; x[1]       ; s[6]        ; 7.830 ; 7.814 ; 8.201  ; 8.179  ;
; x[1]       ; s[7]        ; 9.281 ; 9.351 ; 9.650  ; 9.714  ;
; x[2]       ; cout        ; 8.381 ;       ;        ; 8.715  ;
; x[2]       ; s[2]        ; 7.207 ; 7.138 ; 7.563  ; 7.488  ;
; x[2]       ; s[3]        ; 6.572 ; 6.538 ; 6.948  ; 6.886  ;
; x[2]       ; s[4]        ; 7.877 ; 7.834 ; 8.213  ; 8.164  ;
; x[2]       ; s[5]        ; 7.958 ; 7.927 ; 8.293  ; 8.256  ;
; x[2]       ; s[6]        ; 8.380 ; 8.364 ; 8.747  ; 8.725  ;
; x[2]       ; s[7]        ; 9.831 ; 9.901 ; 10.196 ; 10.260 ;
; x[3]       ; cout        ; 7.741 ;       ;        ; 8.079  ;
; x[3]       ; s[3]        ; 5.503 ; 5.470 ; 5.856  ; 5.794  ;
; x[3]       ; s[4]        ; 7.237 ; 7.194 ; 7.577  ; 7.528  ;
; x[3]       ; s[5]        ; 7.318 ; 7.287 ; 7.657  ; 7.620  ;
; x[3]       ; s[6]        ; 7.740 ; 7.724 ; 8.111  ; 8.089  ;
; x[3]       ; s[7]        ; 9.191 ; 9.261 ; 9.560  ; 9.624  ;
; x[4]       ; cout        ; 6.572 ;       ;        ; 6.943  ;
; x[4]       ; s[4]        ; 6.039 ; 6.021 ; 6.399  ; 6.372  ;
; x[4]       ; s[5]        ; 6.135 ; 6.104 ; 6.477  ; 6.440  ;
; x[4]       ; s[6]        ; 6.562 ; 6.574 ; 6.975  ; 6.972  ;
; x[4]       ; s[7]        ; 8.022 ; 8.092 ; 8.424  ; 8.488  ;
; x[5]       ; cout        ; 6.151 ;       ;        ; 6.484  ;
; x[5]       ; s[5]        ; 5.585 ; 5.582 ; 5.958  ; 5.920  ;
; x[5]       ; s[6]        ; 6.141 ; 6.153 ; 6.516  ; 6.513  ;
; x[5]       ; s[7]        ; 7.601 ; 7.671 ; 7.965  ; 8.029  ;
; x[6]       ; cout        ; 5.985 ;       ;        ; 6.322  ;
; x[6]       ; s[6]        ; 5.985 ; 5.967 ; 6.321  ; 6.331  ;
; x[6]       ; s[7]        ; 7.436 ; 7.506 ; 7.802  ; 7.866  ;
; x[7]       ; cout        ; 5.814 ;       ;        ; 6.149  ;
; x[7]       ; s[7]        ; 7.263 ; 7.358 ; 7.626  ; 7.690  ;
; y[0]       ; cout        ; 7.612 ;       ;        ; 7.941  ;
; y[0]       ; s[0]        ; 6.743 ; 6.850 ; 7.111  ; 7.187  ;
; y[0]       ; s[1]        ; 6.122 ; 6.101 ; 6.466  ; 6.451  ;
; y[0]       ; s[2]        ; 6.898 ; 6.827 ; 7.291  ; 7.248  ;
; y[0]       ; s[3]        ; 6.261 ; 6.227 ; 6.713  ; 6.651  ;
; y[0]       ; s[4]        ; 7.285 ; 7.238 ; 7.610  ; 7.592  ;
; y[0]       ; s[5]        ; 7.366 ; 7.335 ; 7.721  ; 7.684  ;
; y[0]       ; s[6]        ; 7.611 ; 7.595 ; 7.973  ; 7.951  ;
; y[0]       ; s[7]        ; 9.062 ; 9.132 ; 9.422  ; 9.486  ;
; y[1]       ; cout        ; 7.794 ;       ;        ; 8.119  ;
; y[1]       ; s[1]        ; 6.022 ; 6.005 ; 6.345  ; 6.356  ;
; y[1]       ; s[2]        ; 7.101 ; 7.030 ; 7.459  ; 7.416  ;
; y[1]       ; s[3]        ; 6.464 ; 6.430 ; 6.881  ; 6.819  ;
; y[1]       ; s[4]        ; 7.467 ; 7.420 ; 7.788  ; 7.770  ;
; y[1]       ; s[5]        ; 7.548 ; 7.517 ; 7.899  ; 7.862  ;
; y[1]       ; s[6]        ; 7.793 ; 7.777 ; 8.151  ; 8.129  ;
; y[1]       ; s[7]        ; 9.244 ; 9.314 ; 9.600  ; 9.664  ;
; y[2]       ; cout        ; 8.004 ;       ;        ; 8.369  ;
; y[2]       ; s[2]        ; 6.826 ; 6.786 ; 7.207  ; 7.131  ;
; y[2]       ; s[3]        ; 6.203 ; 6.169 ; 6.600  ; 6.538  ;
; y[2]       ; s[4]        ; 7.500 ; 7.457 ; 7.867  ; 7.818  ;
; y[2]       ; s[5]        ; 7.581 ; 7.550 ; 7.947  ; 7.910  ;
; y[2]       ; s[6]        ; 8.003 ; 7.987 ; 8.401  ; 8.379  ;
; y[2]       ; s[7]        ; 9.454 ; 9.524 ; 9.850  ; 9.914  ;
; y[3]       ; cout        ; 8.150 ;       ;        ; 8.485  ;
; y[3]       ; s[3]        ; 5.908 ; 5.848 ; 6.228  ; 6.196  ;
; y[3]       ; s[4]        ; 7.646 ; 7.603 ; 7.983  ; 7.934  ;
; y[3]       ; s[5]        ; 7.727 ; 7.696 ; 8.063  ; 8.026  ;
; y[3]       ; s[6]        ; 8.149 ; 8.133 ; 8.517  ; 8.495  ;
; y[3]       ; s[7]        ; 9.600 ; 9.670 ; 9.966  ; 10.030 ;
; y[4]       ; cout        ; 6.611 ;       ;        ; 6.980  ;
; y[4]       ; s[4]        ; 6.081 ; 6.065 ; 6.443  ; 6.415  ;
; y[4]       ; s[5]        ; 6.174 ; 6.143 ; 6.522  ; 6.485  ;
; y[4]       ; s[6]        ; 6.601 ; 6.613 ; 7.012  ; 7.009  ;
; y[4]       ; s[7]        ; 8.061 ; 8.131 ; 8.461  ; 8.525  ;
; y[5]       ; cout        ; 6.469 ;       ;        ; 6.805  ;
; y[5]       ; s[5]        ; 5.746 ; 5.713 ; 6.066  ; 6.061  ;
; y[5]       ; s[6]        ; 6.459 ; 6.471 ; 6.837  ; 6.834  ;
; y[5]       ; s[7]        ; 7.919 ; 7.989 ; 8.286  ; 8.350  ;
; y[6]       ; cout        ; 6.066 ;       ;        ; 6.391  ;
; y[6]       ; s[6]        ; 6.067 ; 6.079 ; 6.419  ; 6.396  ;
; y[6]       ; s[7]        ; 7.517 ; 7.587 ; 7.872  ; 7.936  ;
; y[7]       ; cout        ; 6.422 ;       ;        ; 6.813  ;
; y[7]       ; s[7]        ; 7.874 ; 7.942 ; 8.266  ; 8.362  ;
+------------+-------------+-------+-------+--------+--------+


---------------------------------------------
; Slow 1200mV 0C Model Metastability Report ;
---------------------------------------------
No synchronizer chains to report.


--------------------------------------
; Fast 1200mV 0C Model Setup Summary ;
--------------------------------------
No paths to report.


-------------------------------------
; Fast 1200mV 0C Model Hold Summary ;
-------------------------------------
No paths to report.


-----------------------------------------
; Fast 1200mV 0C Model Recovery Summary ;
-----------------------------------------
No paths to report.


----------------------------------------
; Fast 1200mV 0C Model Removal Summary ;
----------------------------------------
No paths to report.


----------------------------------------------------
; Fast 1200mV 0C Model Minimum Pulse Width Summary ;
----------------------------------------------------
No paths to report.


+----------------------------------------------------------+
; Propagation Delay                                        ;
+------------+-------------+-------+-------+-------+-------+
; Input Port ; Output Port ; RR    ; RF    ; FR    ; FF    ;
+------------+-------------+-------+-------+-------+-------+
; cin        ; cout        ; 5.269 ;       ;       ; 6.041 ;
; cin        ; s[0]        ; 4.970 ; 5.114 ; 5.590 ; 5.752 ;
; cin        ; s[1]        ; 4.516 ; 4.547 ; 5.154 ; 5.185 ;
; cin        ; s[2]        ; 5.026 ; 5.161 ; 5.711 ; 5.806 ;
; cin        ; s[3]        ; 4.651 ; 4.704 ; 5.379 ; 5.400 ;
; cin        ; s[4]        ; 5.049 ; 5.107 ; 5.774 ; 5.851 ;
; cin        ; s[5]        ; 5.138 ; 5.140 ; 5.897 ; 5.892 ;
; cin        ; s[6]        ; 5.304 ; 5.326 ; 6.067 ; 6.082 ;
; cin        ; s[7]        ; 6.249 ; 6.416 ; 7.023 ; 7.183 ;
; x[0]       ; cout        ; 5.269 ;       ;       ; 6.044 ;
; x[0]       ; s[0]        ; 4.500 ; 4.647 ; 5.061 ; 5.201 ;
; x[0]       ; s[1]        ; 4.171 ; 4.202 ; 4.772 ; 4.803 ;
; x[0]       ; s[2]        ; 4.858 ; 4.993 ; 5.486 ; 5.581 ;
; x[0]       ; s[3]        ; 4.483 ; 4.536 ; 5.154 ; 5.175 ;
; x[0]       ; s[4]        ; 4.909 ; 4.971 ; 5.629 ; 5.684 ;
; x[0]       ; s[5]        ; 4.997 ; 4.999 ; 5.730 ; 5.725 ;
; x[0]       ; s[6]        ; 5.304 ; 5.326 ; 6.070 ; 6.085 ;
; x[0]       ; s[7]        ; 6.249 ; 6.416 ; 7.026 ; 7.186 ;
; x[1]       ; cout        ; 5.243 ;       ;       ; 6.028 ;
; x[1]       ; s[1]        ; 4.155 ; 4.186 ; 4.751 ; 4.782 ;
; x[1]       ; s[2]        ; 4.831 ; 4.966 ; 5.492 ; 5.587 ;
; x[1]       ; s[3]        ; 4.456 ; 4.509 ; 5.160 ; 5.181 ;
; x[1]       ; s[4]        ; 4.883 ; 4.945 ; 5.613 ; 5.668 ;
; x[1]       ; s[5]        ; 4.971 ; 4.973 ; 5.714 ; 5.709 ;
; x[1]       ; s[6]        ; 5.278 ; 5.300 ; 6.054 ; 6.069 ;
; x[1]       ; s[7]        ; 6.223 ; 6.390 ; 7.010 ; 7.170 ;
; x[2]       ; cout        ; 5.615 ;       ;       ; 6.426 ;
; x[2]       ; s[2]        ; 4.664 ; 4.784 ; 5.284 ; 5.397 ;
; x[2]       ; s[3]        ; 4.293 ; 4.346 ; 4.952 ; 4.973 ;
; x[2]       ; s[4]        ; 5.266 ; 5.324 ; 6.011 ; 6.083 ;
; x[2]       ; s[5]        ; 5.355 ; 5.357 ; 6.129 ; 6.124 ;
; x[2]       ; s[6]        ; 5.650 ; 5.672 ; 6.452 ; 6.467 ;
; x[2]       ; s[7]        ; 6.595 ; 6.762 ; 7.408 ; 7.568 ;
; x[3]       ; cout        ; 5.200 ;       ;       ; 5.971 ;
; x[3]       ; s[3]        ; 3.587 ; 3.641 ; 4.164 ; 4.179 ;
; x[3]       ; s[4]        ; 4.851 ; 4.909 ; 5.556 ; 5.628 ;
; x[3]       ; s[5]        ; 4.940 ; 4.942 ; 5.674 ; 5.669 ;
; x[3]       ; s[6]        ; 5.235 ; 5.257 ; 5.997 ; 6.012 ;
; x[3]       ; s[7]        ; 6.180 ; 6.347 ; 6.953 ; 7.113 ;
; x[4]       ; cout        ; 4.463 ;       ;       ; 5.114 ;
; x[4]       ; s[4]        ; 3.953 ; 4.029 ; 4.550 ; 4.594 ;
; x[4]       ; s[5]        ; 4.035 ; 4.037 ; 4.650 ; 4.645 ;
; x[4]       ; s[6]        ; 4.498 ; 4.520 ; 5.140 ; 5.155 ;
; x[4]       ; s[7]        ; 5.443 ; 5.610 ; 6.096 ; 6.256 ;
; x[5]       ; cout        ; 4.167 ;       ;       ; 4.785 ;
; x[5]       ; s[5]        ; 3.719 ; 3.731 ; 4.286 ; 4.289 ;
; x[5]       ; s[6]        ; 4.202 ; 4.224 ; 4.811 ; 4.826 ;
; x[5]       ; s[7]        ; 5.147 ; 5.314 ; 5.767 ; 5.927 ;
; x[6]       ; cout        ; 3.915 ;       ;       ; 4.495 ;
; x[6]       ; s[6]        ; 3.948 ; 3.967 ; 4.497 ; 4.534 ;
; x[6]       ; s[7]        ; 4.893 ; 5.060 ; 5.475 ; 5.635 ;
; x[7]       ; cout        ; 3.862 ;       ;       ; 4.443 ;
; x[7]       ; s[7]        ; 4.844 ; 5.022 ; 5.430 ; 5.595 ;
; y[0]       ; cout        ; 5.109 ;       ;       ; 5.867 ;
; y[0]       ; s[0]        ; 4.487 ; 4.645 ; 5.058 ; 5.203 ;
; y[0]       ; s[1]        ; 4.019 ; 4.050 ; 4.605 ; 4.636 ;
; y[0]       ; s[2]        ; 4.704 ; 4.839 ; 5.317 ; 5.412 ;
; y[0]       ; s[3]        ; 4.329 ; 4.382 ; 4.985 ; 5.006 ;
; y[0]       ; s[4]        ; 4.749 ; 4.811 ; 5.452 ; 5.507 ;
; y[0]       ; s[5]        ; 4.837 ; 4.839 ; 5.553 ; 5.548 ;
; y[0]       ; s[6]        ; 5.144 ; 5.166 ; 5.893 ; 5.908 ;
; y[0]       ; s[7]        ; 6.089 ; 6.256 ; 6.849 ; 7.009 ;
; y[1]       ; cout        ; 5.211 ;       ;       ; 5.979 ;
; y[1]       ; s[1]        ; 3.937 ; 3.972 ; 4.499 ; 4.553 ;
; y[1]       ; s[2]        ; 4.788 ; 4.923 ; 5.431 ; 5.526 ;
; y[1]       ; s[3]        ; 4.413 ; 4.466 ; 5.099 ; 5.120 ;
; y[1]       ; s[4]        ; 4.851 ; 4.913 ; 5.564 ; 5.619 ;
; y[1]       ; s[5]        ; 4.939 ; 4.941 ; 5.665 ; 5.660 ;
; y[1]       ; s[6]        ; 5.246 ; 5.268 ; 6.005 ; 6.020 ;
; y[1]       ; s[7]        ; 6.191 ; 6.358 ; 6.961 ; 7.121 ;
; y[2]       ; cout        ; 5.391 ;       ;       ; 6.185 ;
; y[2]       ; s[2]        ; 4.446 ; 4.580 ; 5.038 ; 5.140 ;
; y[2]       ; s[3]        ; 4.070 ; 4.123 ; 4.710 ; 4.731 ;
; y[2]       ; s[4]        ; 5.042 ; 5.100 ; 5.770 ; 5.842 ;
; y[2]       ; s[5]        ; 5.131 ; 5.133 ; 5.888 ; 5.883 ;
; y[2]       ; s[6]        ; 5.426 ; 5.448 ; 6.211 ; 6.226 ;
; y[2]       ; s[7]        ; 6.371 ; 6.538 ; 7.167 ; 7.327 ;
; y[3]       ; cout        ; 5.457 ;       ;       ; 6.238 ;
; y[3]       ; s[3]        ; 3.837 ; 3.873 ; 4.404 ; 4.458 ;
; y[3]       ; s[4]        ; 5.108 ; 5.166 ; 5.823 ; 5.895 ;
; y[3]       ; s[5]        ; 5.197 ; 5.199 ; 5.941 ; 5.936 ;
; y[3]       ; s[6]        ; 5.492 ; 5.514 ; 6.264 ; 6.279 ;
; y[3]       ; s[7]        ; 6.437 ; 6.604 ; 7.220 ; 7.380 ;
; y[4]       ; cout        ; 4.511 ;       ;       ; 5.151 ;
; y[4]       ; s[4]        ; 4.007 ; 4.084 ; 4.601 ; 4.639 ;
; y[4]       ; s[5]        ; 4.090 ; 4.092 ; 4.699 ; 4.694 ;
; y[4]       ; s[6]        ; 4.546 ; 4.568 ; 5.177 ; 5.192 ;
; y[4]       ; s[7]        ; 5.491 ; 5.658 ; 6.133 ; 6.293 ;
; y[5]       ; cout        ; 4.364 ;       ;       ; 5.007 ;
; y[5]       ; s[5]        ; 3.775 ; 3.774 ; 4.324 ; 4.341 ;
; y[5]       ; s[6]        ; 4.399 ; 4.421 ; 5.033 ; 5.048 ;
; y[5]       ; s[7]        ; 5.344 ; 5.511 ; 5.989 ; 6.149 ;
; y[6]       ; cout        ; 3.998 ;       ;       ; 4.602 ;
; y[6]       ; s[6]        ; 4.038 ; 4.074 ; 4.626 ; 4.630 ;
; y[6]       ; s[7]        ; 4.976 ; 5.143 ; 5.582 ; 5.742 ;
; y[7]       ; cout        ; 4.213 ;       ;       ; 4.878 ;
; y[7]       ; s[7]        ; 5.193 ; 5.357 ; 5.837 ; 6.019 ;
+------------+-------------+-------+-------+-------+-------+


+----------------------------------------------------------+
; Minimum Propagation Delay                                ;
+------------+-------------+-------+-------+-------+-------+
; Input Port ; Output Port ; RR    ; RF    ; FR    ; FF    ;
+------------+-------------+-------+-------+-------+-------+
; cin        ; cout        ; 5.127 ;       ;       ; 5.886 ;
; cin        ; s[0]        ; 4.873 ; 5.015 ; 5.484 ; 5.646 ;
; cin        ; s[1]        ; 4.390 ; 4.427 ; 5.001 ; 5.038 ;
; cin        ; s[2]        ; 4.854 ; 4.977 ; 5.513 ; 5.637 ;
; cin        ; s[3]        ; 4.474 ; 4.518 ; 5.160 ; 5.188 ;
; cin        ; s[4]        ; 4.912 ; 4.968 ; 5.624 ; 5.699 ;
; cin        ; s[5]        ; 5.002 ; 5.004 ; 5.748 ; 5.743 ;
; cin        ; s[6]        ; 5.161 ; 5.183 ; 5.909 ; 5.924 ;
; cin        ; s[7]        ; 6.100 ; 6.267 ; 6.860 ; 7.020 ;
; x[0]       ; cout        ; 4.944 ;       ;       ; 5.650 ;
; x[0]       ; s[0]        ; 4.421 ; 4.568 ; 4.976 ; 5.116 ;
; x[0]       ; s[1]        ; 4.062 ; 4.092 ; 4.616 ; 4.653 ;
; x[0]       ; s[2]        ; 4.467 ; 4.577 ; 5.059 ; 5.189 ;
; x[0]       ; s[3]        ; 4.082 ; 4.126 ; 4.731 ; 4.759 ;
; x[0]       ; s[4]        ; 4.729 ; 4.785 ; 5.388 ; 5.463 ;
; x[0]       ; s[5]        ; 4.819 ; 4.821 ; 5.512 ; 5.507 ;
; x[0]       ; s[6]        ; 4.978 ; 5.000 ; 5.673 ; 5.688 ;
; x[0]       ; s[7]        ; 5.917 ; 6.084 ; 6.624 ; 6.784 ;
; x[1]       ; cout        ; 4.941 ;       ;       ; 5.677 ;
; x[1]       ; s[1]        ; 4.041 ; 4.078 ; 4.635 ; 4.672 ;
; x[1]       ; s[2]        ; 4.464 ; 4.574 ; 5.062 ; 5.192 ;
; x[1]       ; s[3]        ; 4.079 ; 4.123 ; 4.734 ; 4.762 ;
; x[1]       ; s[4]        ; 4.726 ; 4.782 ; 5.415 ; 5.490 ;
; x[1]       ; s[5]        ; 4.816 ; 4.818 ; 5.539 ; 5.534 ;
; x[1]       ; s[6]        ; 4.975 ; 4.997 ; 5.700 ; 5.715 ;
; x[1]       ; s[7]        ; 5.914 ; 6.081 ; 6.651 ; 6.811 ;
; x[2]       ; cout        ; 5.293 ;       ;       ; 6.066 ;
; x[2]       ; s[2]        ; 4.540 ; 4.655 ; 5.152 ; 5.260 ;
; x[2]       ; s[3]        ; 4.152 ; 4.196 ; 4.797 ; 4.825 ;
; x[2]       ; s[4]        ; 4.971 ; 5.032 ; 5.691 ; 5.745 ;
; x[2]       ; s[5]        ; 5.062 ; 5.064 ; 5.795 ; 5.790 ;
; x[2]       ; s[6]        ; 5.327 ; 5.349 ; 6.089 ; 6.104 ;
; x[2]       ; s[7]        ; 6.266 ; 6.433 ; 7.040 ; 7.200 ;
; x[3]       ; cout        ; 4.875 ;       ;       ; 5.591 ;
; x[3]       ; s[3]        ; 3.476 ; 3.522 ; 4.031 ; 4.061 ;
; x[3]       ; s[4]        ; 4.553 ; 4.614 ; 5.216 ; 5.270 ;
; x[3]       ; s[5]        ; 4.644 ; 4.646 ; 5.320 ; 5.315 ;
; x[3]       ; s[6]        ; 4.909 ; 4.931 ; 5.614 ; 5.629 ;
; x[3]       ; s[7]        ; 5.848 ; 6.015 ; 6.565 ; 6.725 ;
; x[4]       ; cout        ; 4.175 ;       ;       ; 4.801 ;
; x[4]       ; s[4]        ; 3.824 ; 3.891 ; 4.408 ; 4.473 ;
; x[4]       ; s[5]        ; 3.922 ; 3.924 ; 4.507 ; 4.502 ;
; x[4]       ; s[6]        ; 4.205 ; 4.234 ; 4.830 ; 4.854 ;
; x[4]       ; s[7]        ; 5.147 ; 5.314 ; 5.775 ; 5.935 ;
; x[5]       ; cout        ; 3.919 ;       ;       ; 4.493 ;
; x[5]       ; s[5]        ; 3.607 ; 3.616 ; 4.169 ; 4.160 ;
; x[5]       ; s[6]        ; 3.949 ; 3.978 ; 4.522 ; 4.546 ;
; x[5]       ; s[7]        ; 4.891 ; 5.058 ; 5.467 ; 5.627 ;
; x[6]       ; cout        ; 3.827 ;       ;       ; 4.402 ;
; x[6]       ; s[6]        ; 3.859 ; 3.876 ; 4.402 ; 4.439 ;
; x[6]       ; s[7]        ; 4.799 ; 4.966 ; 5.375 ; 5.535 ;
; x[7]       ; cout        ; 3.752 ;       ;       ; 4.319 ;
; x[7]       ; s[7]        ; 4.720 ; 4.894 ; 5.291 ; 5.448 ;
; y[0]       ; cout        ; 4.798 ;       ;       ; 5.489 ;
; y[0]       ; s[0]        ; 4.376 ; 4.530 ; 4.933 ; 5.070 ;
; y[0]       ; s[1]        ; 3.919 ; 3.949 ; 4.451 ; 4.488 ;
; y[0]       ; s[2]        ; 4.314 ; 4.424 ; 4.892 ; 5.022 ;
; y[0]       ; s[3]        ; 3.929 ; 3.973 ; 4.564 ; 4.592 ;
; y[0]       ; s[4]        ; 4.583 ; 4.639 ; 5.227 ; 5.302 ;
; y[0]       ; s[5]        ; 4.673 ; 4.675 ; 5.351 ; 5.346 ;
; y[0]       ; s[6]        ; 4.832 ; 4.854 ; 5.512 ; 5.527 ;
; y[0]       ; s[7]        ; 5.771 ; 5.938 ; 6.463 ; 6.623 ;
; y[1]       ; cout        ; 4.899 ;       ;       ; 5.619 ;
; y[1]       ; s[1]        ; 3.849 ; 3.882 ; 4.405 ; 4.457 ;
; y[1]       ; s[2]        ; 4.433 ; 4.543 ; 5.016 ; 5.146 ;
; y[1]       ; s[3]        ; 4.048 ; 4.092 ; 4.688 ; 4.716 ;
; y[1]       ; s[4]        ; 4.684 ; 4.740 ; 5.357 ; 5.432 ;
; y[1]       ; s[5]        ; 4.774 ; 4.776 ; 5.481 ; 5.476 ;
; y[1]       ; s[6]        ; 4.933 ; 4.955 ; 5.642 ; 5.657 ;
; y[1]       ; s[7]        ; 5.872 ; 6.039 ; 6.593 ; 6.753 ;
; y[2]       ; cout        ; 5.057 ;       ;       ; 5.796 ;
; y[2]       ; s[2]        ; 4.296 ; 4.419 ; 4.875 ; 4.979 ;
; y[2]       ; s[3]        ; 3.917 ; 3.961 ; 4.521 ; 4.549 ;
; y[2]       ; s[4]        ; 4.735 ; 4.796 ; 5.421 ; 5.475 ;
; y[2]       ; s[5]        ; 4.826 ; 4.828 ; 5.525 ; 5.520 ;
; y[2]       ; s[6]        ; 5.091 ; 5.113 ; 5.819 ; 5.834 ;
; y[2]       ; s[7]        ; 6.030 ; 6.197 ; 6.770 ; 6.930 ;
; y[3]       ; cout        ; 5.150 ;       ;       ; 5.896 ;
; y[3]       ; s[3]        ; 3.750 ; 3.784 ; 4.310 ; 4.364 ;
; y[3]       ; s[4]        ; 4.828 ; 4.889 ; 5.521 ; 5.575 ;
; y[3]       ; s[5]        ; 4.919 ; 4.921 ; 5.625 ; 5.620 ;
; y[3]       ; s[6]        ; 5.184 ; 5.206 ; 5.919 ; 5.934 ;
; y[3]       ; s[7]        ; 6.123 ; 6.290 ; 6.870 ; 7.030 ;
; y[4]       ; cout        ; 4.223 ;       ;       ; 4.842 ;
; y[4]       ; s[4]        ; 3.879 ; 3.948 ; 4.451 ; 4.519 ;
; y[4]       ; s[5]        ; 3.975 ; 3.977 ; 4.551 ; 4.546 ;
; y[4]       ; s[6]        ; 4.253 ; 4.282 ; 4.871 ; 4.895 ;
; y[4]       ; s[7]        ; 5.195 ; 5.362 ; 5.816 ; 5.976 ;
; y[5]       ; cout        ; 4.108 ;       ;       ; 4.703 ;
; y[5]       ; s[5]        ; 3.695 ; 3.692 ; 4.237 ; 4.254 ;
; y[5]       ; s[6]        ; 4.138 ; 4.167 ; 4.732 ; 4.756 ;
; y[5]       ; s[7]        ; 5.080 ; 5.247 ; 5.677 ; 5.837 ;
; y[6]       ; cout        ; 3.879 ;       ;       ; 4.462 ;
; y[6]       ; s[6]        ; 3.912 ; 3.941 ; 4.486 ; 4.497 ;
; y[6]       ; s[7]        ; 4.850 ; 5.017 ; 5.435 ; 5.595 ;
; y[7]       ; cout        ; 4.115 ;       ;       ; 4.767 ;
; y[7]       ; s[7]        ; 5.087 ; 5.249 ; 5.720 ; 5.902 ;
+------------+-------------+-------+-------+-------+-------+


---------------------------------------------
; Fast 1200mV 0C Model Metastability Report ;
---------------------------------------------
No synchronizer chains to report.


+----------------------------------------------------------------------------+
; Multicorner Timing Analysis Summary                                        ;
+------------------+-------+------+----------+---------+---------------------+
; Clock            ; Setup ; Hold ; Recovery ; Removal ; Minimum Pulse Width ;
+------------------+-------+------+----------+---------+---------------------+
; Worst-case Slack ; N/A   ; N/A  ; N/A      ; N/A     ; N/A                 ;
; Design-wide TNS  ; 0.0   ; 0.0  ; 0.0      ; 0.0     ; 0.0                 ;
+------------------+-------+------+----------+---------+---------------------+


+--------------------------------------------------------------+
; Propagation Delay                                            ;
+------------+-------------+--------+--------+--------+--------+
; Input Port ; Output Port ; RR     ; RF     ; FR     ; FF     ;
+------------+-------------+--------+--------+--------+--------+
; cin        ; cout        ; 8.970  ;        ;        ; 9.504  ;
; cin        ; s[0]        ; 8.165  ; 8.257  ; 8.624  ; 8.748  ;
; cin        ; s[1]        ; 7.600  ; 7.596  ; 8.093  ; 8.089  ;
; cin        ; s[2]        ; 8.658  ; 8.681  ; 9.207  ; 9.173  ;
; cin        ; s[3]        ; 8.000  ; 7.985  ; 8.610  ; 8.551  ;
; cin        ; s[4]        ; 8.604  ; 8.584  ; 9.103  ; 9.117  ;
; cin        ; s[5]        ; 8.683  ; 8.665  ; 9.227  ; 9.200  ;
; cin        ; s[6]        ; 8.965  ; 8.974  ; 9.518  ; 9.518  ;
; cin        ; s[7]        ; 10.453 ; 10.543 ; 11.011 ; 11.092 ;
; x[0]       ; cout        ; 9.019  ;        ;        ; 9.589  ;
; x[0]       ; s[0]        ; 7.359  ; 7.453  ; 7.774  ; 7.859  ;
; x[0]       ; s[1]        ; 7.027  ; 7.029  ; 7.507  ; 7.503  ;
; x[0]       ; s[2]        ; 8.410  ; 8.433  ; 8.895  ; 8.861  ;
; x[0]       ; s[3]        ; 7.752  ; 7.737  ; 8.298  ; 8.239  ;
; x[0]       ; s[4]        ; 8.399  ; 8.384  ; 8.928  ; 8.904  ;
; x[0]       ; s[5]        ; 8.478  ; 8.460  ; 9.014  ; 8.987  ;
; x[0]       ; s[6]        ; 9.014  ; 9.023  ; 9.603  ; 9.603  ;
; x[0]       ; s[7]        ; 10.502 ; 10.592 ; 11.096 ; 11.177 ;
; x[1]       ; cout        ; 8.966  ;        ;        ; 9.528  ;
; x[1]       ; s[1]        ; 6.973  ; 6.969  ; 7.431  ; 7.431  ;
; x[1]       ; s[2]        ; 8.347  ; 8.370  ; 8.871  ; 8.837  ;
; x[1]       ; s[3]        ; 7.689  ; 7.674  ; 8.274  ; 8.215  ;
; x[1]       ; s[4]        ; 8.346  ; 8.331  ; 8.867  ; 8.843  ;
; x[1]       ; s[5]        ; 8.425  ; 8.407  ; 8.953  ; 8.926  ;
; x[1]       ; s[6]        ; 8.961  ; 8.970  ; 9.542  ; 9.542  ;
; x[1]       ; s[7]        ; 10.449 ; 10.539 ; 11.035 ; 11.116 ;
; x[2]       ; cout        ; 9.583  ;        ;        ; 10.136 ;
; x[2]       ; s[2]        ; 7.961  ; 7.949  ; 8.412  ; 8.391  ;
; x[2]       ; s[3]        ; 7.317  ; 7.302  ; 7.805  ; 7.746  ;
; x[2]       ; s[4]        ; 8.989  ; 8.969  ; 9.481  ; 9.495  ;
; x[2]       ; s[5]        ; 9.068  ; 9.050  ; 9.605  ; 9.578  ;
; x[2]       ; s[6]        ; 9.578  ; 9.587  ; 10.150 ; 10.150 ;
; x[2]       ; s[7]        ; 11.066 ; 11.156 ; 11.643 ; 11.724 ;
; x[3]       ; cout        ; 8.921  ;        ;        ; 9.484  ;
; x[3]       ; s[3]        ; 6.108  ; 6.096  ; 6.549  ; 6.480  ;
; x[3]       ; s[4]        ; 8.327  ; 8.307  ; 8.829  ; 8.843  ;
; x[3]       ; s[5]        ; 8.406  ; 8.388  ; 8.953  ; 8.926  ;
; x[3]       ; s[6]        ; 8.916  ; 8.925  ; 9.498  ; 9.498  ;
; x[3]       ; s[7]        ; 10.404 ; 10.494 ; 10.991 ; 11.072 ;
; x[4]       ; cout        ; 7.633  ;        ;        ; 8.125  ;
; x[4]       ; s[4]        ; 6.730  ; 6.747  ; 7.178  ; 7.151  ;
; x[4]       ; s[5]        ; 6.796  ; 6.778  ; 7.278  ; 7.251  ;
; x[4]       ; s[6]        ; 7.628  ; 7.637  ; 8.139  ; 8.139  ;
; x[4]       ; s[7]        ; 9.116  ; 9.206  ; 9.632  ; 9.713  ;
; x[5]       ; cout        ; 7.082  ;        ;        ; 7.556  ;
; x[5]       ; s[5]        ; 6.190  ; 6.196  ; 6.624  ; 6.627  ;
; x[5]       ; s[6]        ; 7.077  ; 7.086  ; 7.570  ; 7.570  ;
; x[5]       ; s[7]        ; 8.565  ; 8.655  ; 9.063  ; 9.144  ;
; x[6]       ; cout        ; 6.581  ;        ;        ; 6.997  ;
; x[6]       ; s[6]        ; 6.578  ; 6.585  ; 6.971  ; 7.010  ;
; x[6]       ; s[7]        ; 8.065  ; 8.155  ; 8.503  ; 8.584  ;
; x[7]       ; cout        ; 6.436  ;        ;        ; 6.850  ;
; x[7]       ; s[7]        ; 7.928  ; 8.046  ; 8.359  ; 8.463  ;
; y[0]       ; cout        ; 8.758  ;        ;        ; 9.310  ;
; y[0]       ; s[0]        ; 7.351  ; 7.473  ; 7.787  ; 7.895  ;
; y[0]       ; s[1]        ; 6.769  ; 6.769  ; 7.241  ; 7.237  ;
; y[0]       ; s[2]        ; 8.151  ; 8.174  ; 8.630  ; 8.596  ;
; y[0]       ; s[3]        ; 7.493  ; 7.478  ; 8.033  ; 7.974  ;
; y[0]       ; s[4]        ; 8.138  ; 8.123  ; 8.649  ; 8.625  ;
; y[0]       ; s[5]        ; 8.217  ; 8.199  ; 8.735  ; 8.708  ;
; y[0]       ; s[6]        ; 8.753  ; 8.762  ; 9.324  ; 9.324  ;
; y[0]       ; s[7]        ; 10.241 ; 10.331 ; 10.817 ; 10.898 ;
; y[1]       ; cout        ; 8.943  ;        ;        ; 9.472  ;
; y[1]       ; s[1]        ; 6.626  ; 6.629  ; 7.016  ; 7.051  ;
; y[1]       ; s[2]        ; 8.314  ; 8.337  ; 8.801  ; 8.767  ;
; y[1]       ; s[3]        ; 7.656  ; 7.641  ; 8.204  ; 8.145  ;
; y[1]       ; s[4]        ; 8.323  ; 8.308  ; 8.811  ; 8.787  ;
; y[1]       ; s[5]        ; 8.402  ; 8.384  ; 8.897  ; 8.870  ;
; y[1]       ; s[6]        ; 8.938  ; 8.947  ; 9.486  ; 9.486  ;
; y[1]       ; s[7]        ; 10.426 ; 10.516 ; 10.979 ; 11.060 ;
; y[2]       ; cout        ; 9.222  ;        ;        ; 9.823  ;
; y[2]       ; s[2]        ; 7.612  ; 7.632  ; 8.080  ; 8.056  ;
; y[2]       ; s[3]        ; 6.953  ; 6.938  ; 7.492  ; 7.433  ;
; y[2]       ; s[4]        ; 8.628  ; 8.608  ; 9.168  ; 9.182  ;
; y[2]       ; s[5]        ; 8.707  ; 8.689  ; 9.292  ; 9.265  ;
; y[2]       ; s[6]        ; 9.217  ; 9.226  ; 9.837  ; 9.837  ;
; y[2]       ; s[7]        ; 10.705 ; 10.795 ; 11.330 ; 11.411 ;
; y[3]       ; cout        ; 9.325  ;        ;        ; 9.869  ;
; y[3]       ; s[3]        ; 6.498  ; 6.449  ; 6.901  ; 6.884  ;
; y[3]       ; s[4]        ; 8.731  ; 8.711  ; 9.214  ; 9.228  ;
; y[3]       ; s[5]        ; 8.810  ; 8.792  ; 9.338  ; 9.311  ;
; y[3]       ; s[6]        ; 9.320  ; 9.329  ; 9.883  ; 9.883  ;
; y[3]       ; s[7]        ; 10.808 ; 10.898 ; 11.376 ; 11.457 ;
; y[4]       ; cout        ; 7.656  ;        ;        ; 8.158  ;
; y[4]       ; s[4]        ; 6.760  ; 6.780  ; 7.228  ; 7.191  ;
; y[4]       ; s[5]        ; 6.829  ; 6.811  ; 7.320  ; 7.293  ;
; y[4]       ; s[6]        ; 7.651  ; 7.660  ; 8.172  ; 8.172  ;
; y[4]       ; s[7]        ; 9.139  ; 9.229  ; 9.665  ; 9.746  ;
; y[5]       ; cout        ; 7.448  ;        ;        ; 7.938  ;
; y[5]       ; s[5]        ; 6.306  ; 6.286  ; 6.695  ; 6.707  ;
; y[5]       ; s[6]        ; 7.443  ; 7.452  ; 7.952  ; 7.952  ;
; y[5]       ; s[7]        ; 8.931  ; 9.021  ; 9.445  ; 9.526  ;
; y[6]       ; cout        ; 6.724  ;        ;        ; 7.173  ;
; y[6]       ; s[6]        ; 6.735  ; 6.776  ; 7.172  ; 7.169  ;
; y[6]       ; s[7]        ; 8.209  ; 8.299  ; 8.680  ; 8.761  ;
; y[7]       ; cout        ; 7.076  ;        ;        ; 7.594  ;
; y[7]       ; s[7]        ; 8.562  ; 8.650  ; 9.064  ; 9.184  ;
+------------+-------------+--------+--------+--------+--------+


+----------------------------------------------------------+
; Minimum Propagation Delay                                ;
+------------+-------------+-------+-------+-------+-------+
; Input Port ; Output Port ; RR    ; RF    ; FR    ; FF    ;
+------------+-------------+-------+-------+-------+-------+
; cin        ; cout        ; 5.127 ;       ;       ; 5.886 ;
; cin        ; s[0]        ; 4.873 ; 5.015 ; 5.484 ; 5.646 ;
; cin        ; s[1]        ; 4.390 ; 4.427 ; 5.001 ; 5.038 ;
; cin        ; s[2]        ; 4.854 ; 4.977 ; 5.513 ; 5.637 ;
; cin        ; s[3]        ; 4.474 ; 4.518 ; 5.160 ; 5.188 ;
; cin        ; s[4]        ; 4.912 ; 4.968 ; 5.624 ; 5.699 ;
; cin        ; s[5]        ; 5.002 ; 5.004 ; 5.748 ; 5.743 ;
; cin        ; s[6]        ; 5.161 ; 5.183 ; 5.909 ; 5.924 ;
; cin        ; s[7]        ; 6.100 ; 6.267 ; 6.860 ; 7.020 ;
; x[0]       ; cout        ; 4.944 ;       ;       ; 5.650 ;
; x[0]       ; s[0]        ; 4.421 ; 4.568 ; 4.976 ; 5.116 ;
; x[0]       ; s[1]        ; 4.062 ; 4.092 ; 4.616 ; 4.653 ;
; x[0]       ; s[2]        ; 4.467 ; 4.577 ; 5.059 ; 5.189 ;
; x[0]       ; s[3]        ; 4.082 ; 4.126 ; 4.731 ; 4.759 ;
; x[0]       ; s[4]        ; 4.729 ; 4.785 ; 5.388 ; 5.463 ;
; x[0]       ; s[5]        ; 4.819 ; 4.821 ; 5.512 ; 5.507 ;
; x[0]       ; s[6]        ; 4.978 ; 5.000 ; 5.673 ; 5.688 ;
; x[0]       ; s[7]        ; 5.917 ; 6.084 ; 6.624 ; 6.784 ;
; x[1]       ; cout        ; 4.941 ;       ;       ; 5.677 ;
; x[1]       ; s[1]        ; 4.041 ; 4.078 ; 4.635 ; 4.672 ;
; x[1]       ; s[2]        ; 4.464 ; 4.574 ; 5.062 ; 5.192 ;
; x[1]       ; s[3]        ; 4.079 ; 4.123 ; 4.734 ; 4.762 ;
; x[1]       ; s[4]        ; 4.726 ; 4.782 ; 5.415 ; 5.490 ;
; x[1]       ; s[5]        ; 4.816 ; 4.818 ; 5.539 ; 5.534 ;
; x[1]       ; s[6]        ; 4.975 ; 4.997 ; 5.700 ; 5.715 ;
; x[1]       ; s[7]        ; 5.914 ; 6.081 ; 6.651 ; 6.811 ;
; x[2]       ; cout        ; 5.293 ;       ;       ; 6.066 ;
; x[2]       ; s[2]        ; 4.540 ; 4.655 ; 5.152 ; 5.260 ;
; x[2]       ; s[3]        ; 4.152 ; 4.196 ; 4.797 ; 4.825 ;
; x[2]       ; s[4]        ; 4.971 ; 5.032 ; 5.691 ; 5.745 ;
; x[2]       ; s[5]        ; 5.062 ; 5.064 ; 5.795 ; 5.790 ;
; x[2]       ; s[6]        ; 5.327 ; 5.349 ; 6.089 ; 6.104 ;
; x[2]       ; s[7]        ; 6.266 ; 6.433 ; 7.040 ; 7.200 ;
; x[3]       ; cout        ; 4.875 ;       ;       ; 5.591 ;
; x[3]       ; s[3]        ; 3.476 ; 3.522 ; 4.031 ; 4.061 ;
; x[3]       ; s[4]        ; 4.553 ; 4.614 ; 5.216 ; 5.270 ;
; x[3]       ; s[5]        ; 4.644 ; 4.646 ; 5.320 ; 5.315 ;
; x[3]       ; s[6]        ; 4.909 ; 4.931 ; 5.614 ; 5.629 ;
; x[3]       ; s[7]        ; 5.848 ; 6.015 ; 6.565 ; 6.725 ;
; x[4]       ; cout        ; 4.175 ;       ;       ; 4.801 ;
; x[4]       ; s[4]        ; 3.824 ; 3.891 ; 4.408 ; 4.473 ;
; x[4]       ; s[5]        ; 3.922 ; 3.924 ; 4.507 ; 4.502 ;
; x[4]       ; s[6]        ; 4.205 ; 4.234 ; 4.830 ; 4.854 ;
; x[4]       ; s[7]        ; 5.147 ; 5.314 ; 5.775 ; 5.935 ;
; x[5]       ; cout        ; 3.919 ;       ;       ; 4.493 ;
; x[5]       ; s[5]        ; 3.607 ; 3.616 ; 4.169 ; 4.160 ;
; x[5]       ; s[6]        ; 3.949 ; 3.978 ; 4.522 ; 4.546 ;
; x[5]       ; s[7]        ; 4.891 ; 5.058 ; 5.467 ; 5.627 ;
; x[6]       ; cout        ; 3.827 ;       ;       ; 4.402 ;
; x[6]       ; s[6]        ; 3.859 ; 3.876 ; 4.402 ; 4.439 ;
; x[6]       ; s[7]        ; 4.799 ; 4.966 ; 5.375 ; 5.535 ;
; x[7]       ; cout        ; 3.752 ;       ;       ; 4.319 ;
; x[7]       ; s[7]        ; 4.720 ; 4.894 ; 5.291 ; 5.448 ;
; y[0]       ; cout        ; 4.798 ;       ;       ; 5.489 ;
; y[0]       ; s[0]        ; 4.376 ; 4.530 ; 4.933 ; 5.070 ;
; y[0]       ; s[1]        ; 3.919 ; 3.949 ; 4.451 ; 4.488 ;
; y[0]       ; s[2]        ; 4.314 ; 4.424 ; 4.892 ; 5.022 ;
; y[0]       ; s[3]        ; 3.929 ; 3.973 ; 4.564 ; 4.592 ;
; y[0]       ; s[4]        ; 4.583 ; 4.639 ; 5.227 ; 5.302 ;
; y[0]       ; s[5]        ; 4.673 ; 4.675 ; 5.351 ; 5.346 ;
; y[0]       ; s[6]        ; 4.832 ; 4.854 ; 5.512 ; 5.527 ;
; y[0]       ; s[7]        ; 5.771 ; 5.938 ; 6.463 ; 6.623 ;
; y[1]       ; cout        ; 4.899 ;       ;       ; 5.619 ;
; y[1]       ; s[1]        ; 3.849 ; 3.882 ; 4.405 ; 4.457 ;
; y[1]       ; s[2]        ; 4.433 ; 4.543 ; 5.016 ; 5.146 ;
; y[1]       ; s[3]        ; 4.048 ; 4.092 ; 4.688 ; 4.716 ;
; y[1]       ; s[4]        ; 4.684 ; 4.740 ; 5.357 ; 5.432 ;
; y[1]       ; s[5]        ; 4.774 ; 4.776 ; 5.481 ; 5.476 ;
; y[1]       ; s[6]        ; 4.933 ; 4.955 ; 5.642 ; 5.657 ;
; y[1]       ; s[7]        ; 5.872 ; 6.039 ; 6.593 ; 6.753 ;
; y[2]       ; cout        ; 5.057 ;       ;       ; 5.796 ;
; y[2]       ; s[2]        ; 4.296 ; 4.419 ; 4.875 ; 4.979 ;
; y[2]       ; s[3]        ; 3.917 ; 3.961 ; 4.521 ; 4.549 ;
; y[2]       ; s[4]        ; 4.735 ; 4.796 ; 5.421 ; 5.475 ;
; y[2]       ; s[5]        ; 4.826 ; 4.828 ; 5.525 ; 5.520 ;
; y[2]       ; s[6]        ; 5.091 ; 5.113 ; 5.819 ; 5.834 ;
; y[2]       ; s[7]        ; 6.030 ; 6.197 ; 6.770 ; 6.930 ;
; y[3]       ; cout        ; 5.150 ;       ;       ; 5.896 ;
; y[3]       ; s[3]        ; 3.750 ; 3.784 ; 4.310 ; 4.364 ;
; y[3]       ; s[4]        ; 4.828 ; 4.889 ; 5.521 ; 5.575 ;
; y[3]       ; s[5]        ; 4.919 ; 4.921 ; 5.625 ; 5.620 ;
; y[3]       ; s[6]        ; 5.184 ; 5.206 ; 5.919 ; 5.934 ;
; y[3]       ; s[7]        ; 6.123 ; 6.290 ; 6.870 ; 7.030 ;
; y[4]       ; cout        ; 4.223 ;       ;       ; 4.842 ;
; y[4]       ; s[4]        ; 3.879 ; 3.948 ; 4.451 ; 4.519 ;
; y[4]       ; s[5]        ; 3.975 ; 3.977 ; 4.551 ; 4.546 ;
; y[4]       ; s[6]        ; 4.253 ; 4.282 ; 4.871 ; 4.895 ;
; y[4]       ; s[7]        ; 5.195 ; 5.362 ; 5.816 ; 5.976 ;
; y[5]       ; cout        ; 4.108 ;       ;       ; 4.703 ;
; y[5]       ; s[5]        ; 3.695 ; 3.692 ; 4.237 ; 4.254 ;
; y[5]       ; s[6]        ; 4.138 ; 4.167 ; 4.732 ; 4.756 ;
; y[5]       ; s[7]        ; 5.080 ; 5.247 ; 5.677 ; 5.837 ;
; y[6]       ; cout        ; 3.879 ;       ;       ; 4.462 ;
; y[6]       ; s[6]        ; 3.912 ; 3.941 ; 4.486 ; 4.497 ;
; y[6]       ; s[7]        ; 4.850 ; 5.017 ; 5.435 ; 5.595 ;
; y[7]       ; cout        ; 4.115 ;       ;       ; 4.767 ;
; y[7]       ; s[7]        ; 5.087 ; 5.249 ; 5.720 ; 5.902 ;
+------------+-------------+-------+-------+-------+-------+


+------------------------------------------------------------------------------------------------------------------------------------------------------------------------------------------------------------------------------------------------------------------------------------------------------------------------------------------------------------------------------------------------------------------+
; Board Trace Model Assignments                                                                                                                                                                                                                                                                                                                                                                                    ;
+---------------+--------------+-------------------+-------------------------+-------------------------+---------------+---------------------+----------------+------------------+--------+------------------+------------------------+------------------------+--------------+---------------+-----------------+-------+---------------------+--------------------+---------------+-----------------+-------------+
; Pin           ; I/O Standard ; Near Tline Length ; Near Tline L per Length ; Near Tline C per Length ; Near Series R ; Near Differential R ; Near Pull-up R ; Near Pull-down R ; Near C ; Far Tline Length ; Far Tline L per Length ; Far Tline C per Length ; Far Series R ; Far Pull-up R ; Far Pull-down R ; Far C ; Termination Voltage ; Far Differential R ; EBD File Name ; EBD Signal Name ; EBD Far-end ;
+---------------+--------------+-------------------+-------------------------+-------------------------+---------------+---------------------+----------------+------------------+--------+------------------+------------------------+------------------------+--------------+---------------+-----------------+-------+---------------------+--------------------+---------------+-----------------+-------------+
; s[0]          ; 2.5 V        ; 0 in              ; 0 H/in                  ; 0 F/in                  ; short         ; -                   ; open           ; open             ; open   ; 0 in             ; 0 H/in                 ; 0 F/in                 ; short        ; open          ; open            ; open  ; 0 V                 ; -                  ; n/a           ; n/a             ; n/a         ;
; s[1]          ; 2.5 V        ; 0 in              ; 0 H/in                  ; 0 F/in                  ; short         ; -                   ; open           ; open             ; open   ; 0 in             ; 0 H/in                 ; 0 F/in                 ; short        ; open          ; open            ; open  ; 0 V                 ; -                  ; n/a           ; n/a             ; n/a         ;
; s[2]          ; 2.5 V        ; 0 in              ; 0 H/in                  ; 0 F/in                  ; short         ; -                   ; open           ; open             ; open   ; 0 in             ; 0 H/in                 ; 0 F/in                 ; short        ; open          ; open            ; open  ; 0 V                 ; -                  ; n/a           ; n/a             ; n/a         ;
; s[3]          ; 2.5 V        ; 0 in              ; 0 H/in                  ; 0 F/in                  ; short         ; -                   ; open           ; open             ; open   ; 0 in             ; 0 H/in                 ; 0 F/in                 ; short        ; open          ; open            ; open  ; 0 V                 ; -                  ; n/a           ; n/a             ; n/a         ;
; s[4]          ; 2.5 V        ; 0 in              ; 0 H/in                  ; 0 F/in                  ; short         ; -                   ; open           ; open             ; open   ; 0 in             ; 0 H/in                 ; 0 F/in                 ; short        ; open          ; open            ; open  ; 0 V                 ; -                  ; n/a           ; n/a             ; n/a         ;
; s[5]          ; 2.5 V        ; 0 in              ; 0 H/in                  ; 0 F/in                  ; short         ; -                   ; open           ; open             ; open   ; 0 in             ; 0 H/in                 ; 0 F/in                 ; short        ; open          ; open            ; open  ; 0 V                 ; -                  ; n/a           ; n/a             ; n/a         ;
; s[6]          ; 2.5 V        ; 0 in              ; 0 H/in                  ; 0 F/in                  ; short         ; -                   ; open           ; open             ; open   ; 0 in             ; 0 H/in                 ; 0 F/in                 ; short        ; open          ; open            ; open  ; 0 V                 ; -                  ; n/a           ; n/a             ; n/a         ;
; s[7]          ; 2.5 V        ; 0 in              ; 0 H/in                  ; 0 F/in                  ; short         ; -                   ; open           ; open             ; open   ; 0 in             ; 0 H/in                 ; 0 F/in                 ; short        ; open          ; open            ; open  ; 0 V                 ; -                  ; n/a           ; n/a             ; n/a         ;
; cout          ; 2.5 V        ; 0 in              ; 0 H/in                  ; 0 F/in                  ; short         ; -                   ; open           ; open             ; open   ; 0 in             ; 0 H/in                 ; 0 F/in                 ; short        ; open          ; open            ; open  ; 0 V                 ; -                  ; n/a           ; n/a             ; n/a         ;
; ~ALTERA_DCLK~ ; 2.5 V        ; 0 in              ; 0 H/in                  ; 0 F/in                  ; short         ; -                   ; open           ; open             ; open   ; 0 in             ; 0 H/in                 ; 0 F/in                 ; short        ; open          ; open            ; open  ; 0 V                 ; -                  ; n/a           ; n/a             ; n/a         ;
; ~ALTERA_nCEO~ ; 2.5 V        ; 0 in              ; 0 H/in                  ; 0 F/in                  ; short         ; -                   ; open           ; open             ; open   ; 0 in             ; 0 H/in                 ; 0 F/in                 ; short        ; open          ; open            ; open  ; 0 V                 ; -                  ; n/a           ; n/a             ; n/a         ;
+---------------+--------------+-------------------+-------------------------+-------------------------+---------------+---------------------+----------------+------------------+--------+------------------+------------------------+------------------------+--------------+---------------+-----------------+-------+---------------------+--------------------+---------------+-----------------+-------------+


+----------------------------------------------------------------------------+
; Input Transition Times                                                     ;
+-------------------------+--------------+-----------------+-----------------+
; Pin                     ; I/O Standard ; 10-90 Rise Time ; 90-10 Fall Time ;
+-------------------------+--------------+-----------------+-----------------+
; x[0]                    ; 2.5 V        ; 2000 ps         ; 2000 ps         ;
; y[0]                    ; 2.5 V        ; 2000 ps         ; 2000 ps         ;
; cin                     ; 2.5 V        ; 2000 ps         ; 2000 ps         ;
; y[1]                    ; 2.5 V        ; 2000 ps         ; 2000 ps         ;
; x[1]                    ; 2.5 V        ; 2000 ps         ; 2000 ps         ;
; x[2]                    ; 2.5 V        ; 2000 ps         ; 2000 ps         ;
; y[2]                    ; 2.5 V        ; 2000 ps         ; 2000 ps         ;
; x[3]                    ; 2.5 V        ; 2000 ps         ; 2000 ps         ;
; y[3]                    ; 2.5 V        ; 2000 ps         ; 2000 ps         ;
; x[4]                    ; 2.5 V        ; 2000 ps         ; 2000 ps         ;
; y[4]                    ; 2.5 V        ; 2000 ps         ; 2000 ps         ;
; x[5]                    ; 2.5 V        ; 2000 ps         ; 2000 ps         ;
; y[5]                    ; 2.5 V        ; 2000 ps         ; 2000 ps         ;
; x[6]                    ; 2.5 V        ; 2000 ps         ; 2000 ps         ;
; y[6]                    ; 2.5 V        ; 2000 ps         ; 2000 ps         ;
; x[7]                    ; 2.5 V        ; 2000 ps         ; 2000 ps         ;
; y[7]                    ; 2.5 V        ; 2000 ps         ; 2000 ps         ;
; ~ALTERA_ASDO_DATA1~     ; 2.5 V        ; 2000 ps         ; 2000 ps         ;
; ~ALTERA_FLASH_nCE_nCSO~ ; 2.5 V        ; 2000 ps         ; 2000 ps         ;
; ~ALTERA_DATA0~          ; 2.5 V        ; 2000 ps         ; 2000 ps         ;
+-------------------------+--------------+-----------------+-----------------+


+--------------------------------------------------------------------------------------------------------------------------------------------------------------------------------------------------------------------------------------------------------------------------------------------------------------------------------------------------------------------------------------------------------------------------------------------------------------------------------------------------------------------------------------------------------------------------------------------------------------------------------------------------------------------------------------------+
; Slow Corner Signal Integrity Metrics                                                                                                                                                                                                                                                                                                                                                                                                                                                                                                                                                                                                                                                       ;
+---------------+--------------+---------------------+---------------------+------------------------------+------------------------------+---------------------+---------------------+--------------------------------------+--------------------------------------+-----------------------------+-----------------------------+----------------------------+----------------------------+-----------------------------+-----------------------------+--------------------+--------------------+-------------------------------------+-------------------------------------+----------------------------+----------------------------+---------------------------+---------------------------+
; Pin           ; I/O Standard ; Board Delay on Rise ; Board Delay on Fall ; Steady State Voh at FPGA Pin ; Steady State Vol at FPGA Pin ; Voh Max at FPGA Pin ; Vol Min at FPGA Pin ; Ringback Voltage on Rise at FPGA Pin ; Ringback Voltage on Fall at FPGA Pin ; 10-90 Rise Time at FPGA Pin ; 90-10 Fall Time at FPGA Pin ; Monotonic Rise at FPGA Pin ; Monotonic Fall at FPGA Pin ; Steady State Voh at Far-end ; Steady State Vol at Far-end ; Voh Max at Far-end ; Vol Min at Far-end ; Ringback Voltage on Rise at Far-end ; Ringback Voltage on Fall at Far-end ; 10-90 Rise Time at Far-end ; 90-10 Fall Time at Far-end ; Monotonic Rise at Far-end ; Monotonic Fall at Far-end ;
+---------------+--------------+---------------------+---------------------+------------------------------+------------------------------+---------------------+---------------------+--------------------------------------+--------------------------------------+-----------------------------+-----------------------------+----------------------------+----------------------------+-----------------------------+-----------------------------+--------------------+--------------------+-------------------------------------+-------------------------------------+----------------------------+----------------------------+---------------------------+---------------------------+
; s[0]          ; 2.5 V        ; 0 s                 ; 0 s                 ; 2.32 V                       ; 7.25e-07 V                   ; 2.33 V              ; -0.00317 V          ; 0.162 V                              ; 0.063 V                              ; 3.54e-09 s                  ; 3.41e-09 s                  ; Yes                        ; Yes                        ; 2.32 V                      ; 7.25e-07 V                  ; 2.33 V             ; -0.00317 V         ; 0.162 V                             ; 0.063 V                             ; 3.54e-09 s                 ; 3.41e-09 s                 ; Yes                       ; Yes                       ;
; s[1]          ; 2.5 V        ; 0 s                 ; 0 s                 ; 2.32 V                       ; 7.25e-07 V                   ; 2.35 V              ; -0.0111 V           ; 0.113 V                              ; 0.035 V                              ; 7.76e-10 s                  ; 8.04e-10 s                  ; Yes                        ; Yes                        ; 2.32 V                      ; 7.25e-07 V                  ; 2.35 V             ; -0.0111 V          ; 0.113 V                             ; 0.035 V                             ; 7.76e-10 s                 ; 8.04e-10 s                 ; Yes                       ; Yes                       ;
; s[2]          ; 2.5 V        ; 0 s                 ; 0 s                 ; 2.32 V                       ; 1.08e-06 V                   ; 2.36 V              ; -0.0113 V           ; 0.122 V                              ; 0.022 V                              ; 4.5e-10 s                   ; 4.45e-10 s                  ; Yes                        ; Yes                        ; 2.32 V                      ; 1.08e-06 V                  ; 2.36 V             ; -0.0113 V          ; 0.122 V                             ; 0.022 V                             ; 4.5e-10 s                  ; 4.45e-10 s                 ; Yes                       ; Yes                       ;
; s[3]          ; 2.5 V        ; 0 s                 ; 0 s                 ; 2.32 V                       ; 7.25e-07 V                   ; 2.36 V              ; -0.00946 V          ; 0.111 V                              ; 0.027 V                              ; 6.46e-10 s                  ; 6.2e-10 s                   ; Yes                        ; Yes                        ; 2.32 V                      ; 7.25e-07 V                  ; 2.36 V             ; -0.00946 V         ; 0.111 V                             ; 0.027 V                             ; 6.46e-10 s                 ; 6.2e-10 s                  ; Yes                       ; Yes                       ;
; s[4]          ; 2.5 V        ; 0 s                 ; 0 s                 ; 2.32 V                       ; 7.25e-07 V                   ; 2.36 V              ; -0.00946 V          ; 0.111 V                              ; 0.027 V                              ; 6.46e-10 s                  ; 6.2e-10 s                   ; Yes                        ; Yes                        ; 2.32 V                      ; 7.25e-07 V                  ; 2.36 V             ; -0.00946 V         ; 0.111 V                             ; 0.027 V                             ; 6.46e-10 s                 ; 6.2e-10 s                  ; Yes                       ; Yes                       ;
; s[5]          ; 2.5 V        ; 0 s                 ; 0 s                 ; 2.32 V                       ; 7.25e-07 V                   ; 2.35 V              ; -0.0111 V           ; 0.113 V                              ; 0.035 V                              ; 7.76e-10 s                  ; 8.04e-10 s                  ; Yes                        ; Yes                        ; 2.32 V                      ; 7.25e-07 V                  ; 2.35 V             ; -0.0111 V          ; 0.113 V                             ; 0.035 V                             ; 7.76e-10 s                 ; 8.04e-10 s                 ; Yes                       ; Yes                       ;
; s[6]          ; 2.5 V        ; 0 s                 ; 0 s                 ; 2.32 V                       ; 7.25e-07 V                   ; 2.35 V              ; -0.0111 V           ; 0.113 V                              ; 0.035 V                              ; 7.76e-10 s                  ; 8.04e-10 s                  ; Yes                        ; Yes                        ; 2.32 V                      ; 7.25e-07 V                  ; 2.35 V             ; -0.0111 V          ; 0.113 V                             ; 0.035 V                             ; 7.76e-10 s                 ; 8.04e-10 s                 ; Yes                       ; Yes                       ;
; s[7]          ; 2.5 V        ; 0 s                 ; 0 s                 ; 2.32 V                       ; 7.25e-07 V                   ; 2.33 V              ; -0.00317 V          ; 0.162 V                              ; 0.063 V                              ; 3.54e-09 s                  ; 3.41e-09 s                  ; Yes                        ; Yes                        ; 2.32 V                      ; 7.25e-07 V                  ; 2.33 V             ; -0.00317 V         ; 0.162 V                             ; 0.063 V                             ; 3.54e-09 s                 ; 3.41e-09 s                 ; Yes                       ; Yes                       ;
; cout          ; 2.5 V        ; 0 s                 ; 0 s                 ; 2.32 V                       ; 7.25e-07 V                   ; 2.35 V              ; -0.0111 V           ; 0.113 V                              ; 0.035 V                              ; 7.76e-10 s                  ; 8.04e-10 s                  ; Yes                        ; Yes                        ; 2.32 V                      ; 7.25e-07 V                  ; 2.35 V             ; -0.0111 V          ; 0.113 V                             ; 0.035 V                             ; 7.76e-10 s                 ; 8.04e-10 s                 ; Yes                       ; Yes                       ;
; ~ALTERA_DCLK~ ; 2.5 V        ; 0 s                 ; 0 s                 ; 2.32 V                       ; 5.68e-07 V                   ; 2.35 V              ; -0.0132 V           ; 0.2 V                                ; 0.027 V                              ; 5.26e-10 s                  ; 4.81e-10 s                  ; Yes                        ; Yes                        ; 2.32 V                      ; 5.68e-07 V                  ; 2.35 V             ; -0.0132 V          ; 0.2 V                               ; 0.027 V                             ; 5.26e-10 s                 ; 4.81e-10 s                 ; Yes                       ; Yes                       ;
; ~ALTERA_nCEO~ ; 2.5 V        ; 0 s                 ; 0 s                 ; 2.32 V                       ; 9.36e-07 V                   ; 2.35 V              ; -0.00444 V          ; 0.18 V                               ; 0.019 V                              ; 7.23e-10 s                  ; 9.82e-10 s                  ; Yes                        ; Yes                        ; 2.32 V                      ; 9.36e-07 V                  ; 2.35 V             ; -0.00444 V         ; 0.18 V                              ; 0.019 V                             ; 7.23e-10 s                 ; 9.82e-10 s                 ; Yes                       ; Yes                       ;
+---------------+--------------+---------------------+---------------------+------------------------------+------------------------------+---------------------+---------------------+--------------------------------------+--------------------------------------+-----------------------------+-----------------------------+----------------------------+----------------------------+-----------------------------+-----------------------------+--------------------+--------------------+-------------------------------------+-------------------------------------+----------------------------+----------------------------+---------------------------+---------------------------+


+--------------------------------------------------------------------------------------------------------------------------------------------------------------------------------------------------------------------------------------------------------------------------------------------------------------------------------------------------------------------------------------------------------------------------------------------------------------------------------------------------------------------------------------------------------------------------------------------------------------------------------------------------------------------------------------------+
; Fast Corner Signal Integrity Metrics                                                                                                                                                                                                                                                                                                                                                                                                                                                                                                                                                                                                                                                       ;
+---------------+--------------+---------------------+---------------------+------------------------------+------------------------------+---------------------+---------------------+--------------------------------------+--------------------------------------+-----------------------------+-----------------------------+----------------------------+----------------------------+-----------------------------+-----------------------------+--------------------+--------------------+-------------------------------------+-------------------------------------+----------------------------+----------------------------+---------------------------+---------------------------+
; Pin           ; I/O Standard ; Board Delay on Rise ; Board Delay on Fall ; Steady State Voh at FPGA Pin ; Steady State Vol at FPGA Pin ; Voh Max at FPGA Pin ; Vol Min at FPGA Pin ; Ringback Voltage on Rise at FPGA Pin ; Ringback Voltage on Fall at FPGA Pin ; 10-90 Rise Time at FPGA Pin ; 90-10 Fall Time at FPGA Pin ; Monotonic Rise at FPGA Pin ; Monotonic Fall at FPGA Pin ; Steady State Voh at Far-end ; Steady State Vol at Far-end ; Voh Max at Far-end ; Vol Min at Far-end ; Ringback Voltage on Rise at Far-end ; Ringback Voltage on Fall at Far-end ; 10-90 Rise Time at Far-end ; 90-10 Fall Time at Far-end ; Monotonic Rise at Far-end ; Monotonic Fall at Far-end ;
+---------------+--------------+---------------------+---------------------+------------------------------+------------------------------+---------------------+---------------------+--------------------------------------+--------------------------------------+-----------------------------+-----------------------------+----------------------------+----------------------------+-----------------------------+-----------------------------+--------------------+--------------------+-------------------------------------+-------------------------------------+----------------------------+----------------------------+---------------------------+---------------------------+
; s[0]          ; 2.5 V        ; 0 s                 ; 0 s                 ; 2.62 V                       ; 2.78e-08 V                   ; 2.64 V              ; -0.0109 V           ; 0.244 V                              ; 0.16 V                               ; 2.42e-09 s                  ; 2.37e-09 s                  ; No                         ; Yes                        ; 2.62 V                      ; 2.78e-08 V                  ; 2.64 V             ; -0.0109 V          ; 0.244 V                             ; 0.16 V                              ; 2.42e-09 s                 ; 2.37e-09 s                 ; No                        ; Yes                       ;
; s[1]          ; 2.5 V        ; 0 s                 ; 0 s                 ; 2.62 V                       ; 2.78e-08 V                   ; 2.71 V              ; -0.0349 V           ; 0.253 V                              ; 0.069 V                              ; 4.96e-10 s                  ; 5.19e-10 s                  ; No                         ; Yes                        ; 2.62 V                      ; 2.78e-08 V                  ; 2.71 V             ; -0.0349 V          ; 0.253 V                             ; 0.069 V                             ; 4.96e-10 s                 ; 5.19e-10 s                 ; No                        ; Yes                       ;
; s[2]          ; 2.5 V        ; 0 s                 ; 0 s                 ; 2.62 V                       ; 4.11e-08 V                   ; 2.73 V              ; -0.0566 V           ; 0.191 V                              ; 0.12 V                               ; 2.69e-10 s                  ; 2.76e-10 s                  ; Yes                        ; Yes                        ; 2.62 V                      ; 4.11e-08 V                  ; 2.73 V             ; -0.0566 V          ; 0.191 V                             ; 0.12 V                              ; 2.69e-10 s                 ; 2.76e-10 s                 ; Yes                       ; Yes                       ;
; s[3]          ; 2.5 V        ; 0 s                 ; 0 s                 ; 2.62 V                       ; 2.78e-08 V                   ; 2.72 V              ; -0.0408 V           ; 0.163 V                              ; 0.075 V                              ; 4.51e-10 s                  ; 4.33e-10 s                  ; No                         ; Yes                        ; 2.62 V                      ; 2.78e-08 V                  ; 2.72 V             ; -0.0408 V          ; 0.163 V                             ; 0.075 V                             ; 4.51e-10 s                 ; 4.33e-10 s                 ; No                        ; Yes                       ;
; s[4]          ; 2.5 V        ; 0 s                 ; 0 s                 ; 2.62 V                       ; 2.78e-08 V                   ; 2.72 V              ; -0.0408 V           ; 0.163 V                              ; 0.075 V                              ; 4.51e-10 s                  ; 4.33e-10 s                  ; No                         ; Yes                        ; 2.62 V                      ; 2.78e-08 V                  ; 2.72 V             ; -0.0408 V          ; 0.163 V                             ; 0.075 V                             ; 4.51e-10 s                 ; 4.33e-10 s                 ; No                        ; Yes                       ;
; s[5]          ; 2.5 V        ; 0 s                 ; 0 s                 ; 2.62 V                       ; 2.78e-08 V                   ; 2.71 V              ; -0.0349 V           ; 0.253 V                              ; 0.069 V                              ; 4.96e-10 s                  ; 5.19e-10 s                  ; No                         ; Yes                        ; 2.62 V                      ; 2.78e-08 V                  ; 2.71 V             ; -0.0349 V          ; 0.253 V                             ; 0.069 V                             ; 4.96e-10 s                 ; 5.19e-10 s                 ; No                        ; Yes                       ;
; s[6]          ; 2.5 V        ; 0 s                 ; 0 s                 ; 2.62 V                       ; 2.78e-08 V                   ; 2.71 V              ; -0.0349 V           ; 0.253 V                              ; 0.069 V                              ; 4.96e-10 s                  ; 5.19e-10 s                  ; No                         ; Yes                        ; 2.62 V                      ; 2.78e-08 V                  ; 2.71 V             ; -0.0349 V          ; 0.253 V                             ; 0.069 V                             ; 4.96e-10 s                 ; 5.19e-10 s                 ; No                        ; Yes                       ;
; s[7]          ; 2.5 V        ; 0 s                 ; 0 s                 ; 2.62 V                       ; 2.78e-08 V                   ; 2.64 V              ; -0.0109 V           ; 0.244 V                              ; 0.16 V                               ; 2.42e-09 s                  ; 2.37e-09 s                  ; No                         ; Yes                        ; 2.62 V                      ; 2.78e-08 V                  ; 2.64 V             ; -0.0109 V          ; 0.244 V                             ; 0.16 V                              ; 2.42e-09 s                 ; 2.37e-09 s                 ; No                        ; Yes                       ;
; cout          ; 2.5 V        ; 0 s                 ; 0 s                 ; 2.62 V                       ; 2.78e-08 V                   ; 2.71 V              ; -0.0349 V           ; 0.253 V                              ; 0.069 V                              ; 4.96e-10 s                  ; 5.19e-10 s                  ; No                         ; Yes                        ; 2.62 V                      ; 2.78e-08 V                  ; 2.71 V             ; -0.0349 V          ; 0.253 V                             ; 0.069 V                             ; 4.96e-10 s                 ; 5.19e-10 s                 ; No                        ; Yes                       ;
; ~ALTERA_DCLK~ ; 2.5 V        ; 0 s                 ; 0 s                 ; 2.62 V                       ; 2.22e-08 V                   ; 2.72 V              ; -0.0747 V           ; 0.28 V                               ; 0.169 V                              ; 3.1e-10 s                   ; 3.01e-10 s                  ; No                         ; Yes                        ; 2.62 V                      ; 2.22e-08 V                  ; 2.72 V             ; -0.0747 V          ; 0.28 V                              ; 0.169 V                             ; 3.1e-10 s                  ; 3.01e-10 s                 ; No                        ; Yes                       ;
; ~ALTERA_nCEO~ ; 2.5 V        ; 0 s                 ; 0 s                 ; 2.62 V                       ; 3.53e-08 V                   ; 2.7 V               ; -0.0212 V           ; 0.204 V                              ; 0.049 V                              ; 4.85e-10 s                  ; 6.73e-10 s                  ; No                         ; Yes                        ; 2.62 V                      ; 3.53e-08 V                  ; 2.7 V              ; -0.0212 V          ; 0.204 V                             ; 0.049 V                             ; 4.85e-10 s                 ; 6.73e-10 s                 ; No                        ; Yes                       ;
+---------------+--------------+---------------------+---------------------+------------------------------+------------------------------+---------------------+---------------------+--------------------------------------+--------------------------------------+-----------------------------+-----------------------------+----------------------------+----------------------------+-----------------------------+-----------------------------+--------------------+--------------------+-------------------------------------+-------------------------------------+----------------------------+----------------------------+---------------------------+---------------------------+


-------------------
; Clock Transfers ;
-------------------
Nothing to report.


---------------
; Report TCCS ;
---------------
No dedicated SERDES Transmitter circuitry present in device or used in design


---------------
; Report RSKM ;
---------------
No non-DPA dedicated SERDES Receiver circuitry present in device or used in design


+------------------------------------------------+
; Unconstrained Paths                            ;
+---------------------------------+-------+------+
; Property                        ; Setup ; Hold ;
+---------------------------------+-------+------+
; Illegal Clocks                  ; 0     ; 0    ;
; Unconstrained Clocks            ; 0     ; 0    ;
; Unconstrained Input Ports       ; 17    ; 17   ;
; Unconstrained Input Port Paths  ; 97    ; 97   ;
; Unconstrained Output Ports      ; 9     ; 9    ;
; Unconstrained Output Port Paths ; 97    ; 97   ;
+---------------------------------+-------+------+


+------------------------------------+
; TimeQuest Timing Analyzer Messages ;
+------------------------------------+
Info: *******************************************************************
Info: Running Quartus II 64-Bit TimeQuest Timing Analyzer
    Info: Version 13.1.0 Build 162 10/23/2013 SJ Web Edition
    Info: Processing started: Fri Feb 05 13:02:09 2016
Info: Command: quartus_sta adder -c adder
Info: qsta_default_script.tcl version: #1
Warning (20028): Parallel compilation is not licensed and has been disabled
Info (21077): Core supply voltage is 1.2V
Info (21077): Low junction temperature is 0 degrees C
Info (21077): High junction temperature is 85 degrees C
Critical Warning (332012): Synopsys Design Constraints File file not found: 'adder.sdc'. A Synopsys Design Constraints File is required by the TimeQuest Timing Analyzer to get proper timing constraints. Without it, the Compiler will not properly optimize the design.
Info (332142): No user constrained base clocks found in the design. Calling "derive_clocks -period 1.0"
Info (332096): The command derive_clocks did not find any clocks to derive.  No clocks were created or changed.
Warning (332068): No clocks defined in design.
Info (332143): No user constrained clock uncertainty found in the design. Calling "derive_clock_uncertainty"
Info (332154): The derive_clock_uncertainty command did not apply clock uncertainty to any clock-to-clock transfers.
Info: Found TIMEQUEST_REPORT_SCRIPT_INCLUDE_DEFAULT_ANALYSIS = ON
Info (332159): No clocks to report
Info: Analyzing Slow 1200mV 85C Model
Info (332140): No fmax paths to report
Info (332140): No Setup paths to report
Info (332140): No Hold paths to report
Info (332140): No Recovery paths to report
Info (332140): No Removal paths to report
Info (332140): No Minimum Pulse Width paths to report
Info: Analyzing Slow 1200mV 0C Model
Info (334003): Started post-fitting delay annotation
Info (334004): Delay annotation completed successfully
Info (332142): No user constrained base clocks found in the design. Calling "derive_clocks -period 1.0"
Info (332096): The command derive_clocks did not find any clocks to derive.  No clocks were created or changed.
Warning (332068): No clocks defined in design.
Info (332154): The derive_clock_uncertainty command did not apply clock uncertainty to any clock-to-clock transfers.
Info (332140): No fmax paths to report
Info (332140): No Setup paths to report
Info (332140): No Hold paths to report
Info (332140): No Recovery paths to report
Info (332140): No Removal paths to report
Info (332140): No Minimum Pulse Width paths to report
Info: Analyzing Fast 1200mV 0C Model
Info (332142): No user constrained base clocks found in the design. Calling "derive_clocks -period 1.0"
Info (332096): The command derive_clocks did not find any clocks to derive.  No clocks were created or changed.
Warning (332068): No clocks defined in design.
Info (332154): The derive_clock_uncertainty command did not apply clock uncertainty to any clock-to-clock transfers.
Info (332140): No Setup paths to report
Info (332140): No Hold paths to report
Info (332140): No Recovery paths to report
Info (332140): No Removal paths to report
Info (332140): No Minimum Pulse Width paths to report
Info (332102): Design is not fully constrained for setup requirements
Info (332102): Design is not fully constrained for hold requirements
Info: Quartus II 64-Bit TimeQuest Timing Analyzer was successful. 0 errors, 5 warnings
    Info: Peak virtual memory: 510 megabytes
    Info: Processing ended: Fri Feb 05 13:02:12 2016
    Info: Elapsed time: 00:00:03
    Info: Total CPU time (on all processors): 00:00:02


